Copyright 1986-2022 Xilinx, Inc. All Rights Reserved. Copyright 2022-2025 Advanced Micro Devices, Inc. All Rights Reserved.
---------------------------------------------------------------------------------------------------------------------------------------------
| Tool Version : Vivado v.2025.1 (lin64) Build 6140274 Wed May 21 22:58:25 MDT 2025
| Date         : Wed Dec 10 02:10:04 2025
| Host         : eecs-digital-15 running 64-bit Ubuntu 24.04.3 LTS
| Command      : report_utilization -file obj/post_synth_util.rpt -hierarchical -hierarchical_depth 4 -hierarchical_min_primitive_count 0
| Design       : top_level
| Device       : xc7s50csga324-1
| Speed File   : -1
| Design State : Synthesized
---------------------------------------------------------------------------------------------------------------------------------------------

Utilization Design Information

Table of Contents
-----------------
1. Utilization by Hierarchy

1. Utilization by Hierarchy
---------------------------

+----------------------------------------------+-----------------------------------------------------------------+------------+------------+---------+------+-------+--------+--------+------------+
|                   Instance                   |                              Module                             | Total LUTs | Logic LUTs | LUTRAMs | SRLs |  FFs  | RAMB36 | RAMB18 | DSP Blocks |
+----------------------------------------------+-----------------------------------------------------------------+------------+------------+---------+------+-------+--------+--------+------------+
| top_level                                    |                                                           (top) |      30586 |      28561 |      34 | 1991 | 23354 |     52 |     16 |        120 |
|   (top_level)                                |                                                           (top) |         27 |         27 |       0 |    0 |   101 |      0 |      0 |          0 |
|   blue_ser                                   |                                                 tmds_serializer |          0 |          0 |       0 |    0 |     0 |      0 |      0 |          0 |
|   full_projector_inst                        |                                                  full_projector |       1767 |       1649 |       0 |  118 |  1387 |      0 |      0 |          9 |
|     (full_projector_inst)                    |                                                  full_projector |         25 |         25 |       0 |    0 |     8 |      0 |      0 |          0 |
|     ddd_inst                                 |                                                   ddd_projector |       1172 |       1054 |       0 |  118 |  1259 |      0 |      0 |          9 |
|       (ddd_inst)                             |                                                   ddd_projector |        223 |        222 |       0 |    1 |   159 |      0 |      0 |          9 |
|       color_p                                |                                        pipeline__parameterized1 |         23 |          8 |       0 |   15 |    25 |      0 |      0 |          0 |
|       done_p                                 |                                        pipeline__parameterized0 |          3 |          2 |       0 |    1 |     1 |      0 |      0 |          0 |
|       pc_pipeline                            |                                        pipeline__parameterized2 |        159 |        111 |       0 |   48 |    48 |      0 |      0 |          0 |
|       xcoord_divider                         |                                                    divider3_262 |        357 |        332 |       0 |   25 |   511 |      0 |      0 |          0 |
|       xdiv_p                                 |                                                        pipeline |         24 |         23 |       0 |    1 |     1 |      0 |      0 |          0 |
|       ycoord_divider                         |                                                    divider3_263 |        359 |        333 |       0 |   26 |   513 |      0 |      0 |          0 |
|       ydiv_p                                 |                                                    pipeline_264 |         24 |         23 |       0 |    1 |     1 |      0 |      0 |          0 |
|     screator_inst                            |                                                  sprite_creator |        202 |        202 |       0 |    0 |    51 |      0 |      0 |          0 |
|     tcreator_inst                            |                                                triangle_creator |        368 |        368 |       0 |    0 |    69 |      0 |      0 |          0 |
|   game                                       |                                                      game_logic |        413 |        413 |       0 |    0 |    93 |      0 |      0 |          0 |
|   genblk1[0].game_debouncers                 |                                                       debouncer |         26 |         26 |       0 |    0 |    21 |      0 |      0 |          0 |
|   genblk1[1].game_debouncers                 |                                                     debouncer_0 |         26 |         26 |       0 |    0 |    21 |      0 |      0 |          0 |
|   genblk1[2].game_debouncers                 |                                                     debouncer_1 |         26 |         26 |       0 |    0 |    21 |      0 |      0 |          0 |
|   genblk1[3].game_debouncers                 |                                                     debouncer_2 |         26 |         26 |       0 |    0 |    21 |      0 |      0 |          0 |
|   green_ser                                  |                                               tmds_serializer_3 |          0 |          0 |       0 |    0 |     0 |      0 |      0 |          0 |
|   highdef_fb                                 |                                    high_definition_frame_buffer |       3499 |       3465 |      34 |    0 |  3129 |      4 |      0 |          0 |
|     (highdef_fb)                             |                                    high_definition_frame_buffer |          1 |          1 |       0 |    0 |     0 |      0 |      0 |          0 |
|     camera_data_fifo                         |                                                clockdomain_fifo |        145 |        145 |       0 |    0 |   234 |      2 |      0 |          0 |
|       (camera_data_fifo)                     |                                                clockdomain_fifo |          2 |          2 |       0 |    0 |     0 |      0 |      0 |          0 |
|       xpm_fifo_axis_inst                     |                                                xpm_fifo_axis__1 |        143 |        143 |       0 |    0 |   234 |      2 |      0 |          0 |
|         (xpm_fifo_axis_inst)                 |                                                xpm_fifo_axis__1 |          2 |          2 |       0 |    0 |     0 |      0 |      0 |          0 |
|         gaxis_rst_sync.xpm_cdc_sync_rst_inst |                                             xpm_cdc_sync_rst__5 |          0 |          0 |       0 |    0 |     3 |      0 |      0 |          0 |
|         xpm_fifo_base_inst                   |                                                xpm_fifo_base__1 |        141 |        141 |       0 |    0 |   231 |      2 |      0 |          0 |
|     ddr3_top                                 |                                                        ddr3_top |       2874 |       2874 |       0 |    0 |  2211 |      0 |      0 |          0 |
|       (ddr3_top)                             |                                                        ddr3_top |          2 |          2 |       0 |    0 |     0 |      0 |      0 |          0 |
|       ddr3_controller_inst                   |                                                 ddr3_controller |       2857 |       2857 |       0 |    0 |  2188 |      0 |      0 |          0 |
|       ddr3_phy_inst                          |                                                        ddr3_phy |         15 |         15 |       0 |    0 |    23 |      0 |      0 |          0 |
|     pdfifo                                   |                                            clockdomain_fifo_265 |        145 |        145 |       0 |    0 |   234 |      2 |      0 |          0 |
|       (pdfifo)                               |                                            clockdomain_fifo_265 |          2 |          2 |       0 |    0 |     0 |      0 |      0 |          0 |
|       xpm_fifo_axis_inst                     |                                                   xpm_fifo_axis |        143 |        143 |       0 |    0 |   234 |      2 |      0 |          0 |
|         (xpm_fifo_axis_inst)                 |                                                   xpm_fifo_axis |          2 |          2 |       0 |    0 |     0 |      0 |      0 |          0 |
|         gaxis_rst_sync.xpm_cdc_sync_rst_inst |                                                xpm_cdc_sync_rst |          0 |          0 |       0 |    0 |     3 |      0 |      0 |          0 |
|         xpm_fifo_base_inst                   |                                                   xpm_fifo_base |        141 |        141 |       0 |    0 |   231 |      2 |      0 |          0 |
|     stacker_inst                             |                                                         stacker |         11 |         11 |       0 |    0 |   253 |      0 |      0 |          0 |
|     traffic_generator_inst                   |                                               traffic_generator |        188 |        154 |      34 |    0 |    64 |      0 |      0 |          0 |
|       (traffic_generator_inst)               |                                               traffic_generator |         67 |         67 |       0 |    0 |     4 |      0 |      0 |          0 |
|       mcf                                    |                                                    command_fifo |         57 |         23 |      34 |    0 |    12 |      0 |      0 |          0 |
|       read_counter                           |                                                     evt_counter |         32 |         32 |       0 |    0 |    24 |      0 |      0 |          0 |
|       write_counter                          |                                                 evt_counter_266 |         32 |         32 |       0 |    0 |    24 |      0 |      0 |          0 |
|     unstacker_inst                           |                                                       unstacker |        137 |        137 |       0 |    0 |   133 |      0 |      0 |          0 |
|   lcw                                        |                                                   lab06_clk_wiz |          0 |          0 |       0 |    0 |     0 |      0 |      0 |          0 |
|   mssc                                       |                                        seven_segment_controller |         45 |         45 |       0 |    0 |    25 |      0 |      0 |          0 |
|   obs_gen                                    |                                              obstacle_generator |        153 |        141 |       0 |   12 |   135 |      0 |      0 |          0 |
|   red_ser                                    |                                               tmds_serializer_4 |          1 |          1 |       0 |    0 |     1 |      0 |      0 |          0 |
|   renderer_inst                              |                                                        renderer |      24390 |      22529 |       0 | 1861 | 18305 |     48 |     16 |        111 |
|     (renderer_inst)                          |                                                        renderer |        163 |        163 |       0 |    0 |   312 |      0 |      0 |          0 |
|     genblk1[0].triangle_bram                 |                    xilinx_true_dual_port_read_first_2_clock_ram |        259 |        259 |       0 |    0 |     0 |      2 |      1 |          0 |
|     genblk1[10].triangle_bram                |                  xilinx_true_dual_port_read_first_2_clock_ram_7 |        261 |        261 |       0 |    0 |     0 |      2 |      1 |          0 |
|     genblk1[11].triangle_bram                |                  xilinx_true_dual_port_read_first_2_clock_ram_8 |        263 |        263 |       0 |    0 |     0 |      2 |      1 |          0 |
|     genblk1[12].triangle_bram                |                  xilinx_true_dual_port_read_first_2_clock_ram_9 |        261 |        261 |       0 |    0 |     0 |      2 |      1 |          0 |
|     genblk1[13].triangle_bram                |                 xilinx_true_dual_port_read_first_2_clock_ram_10 |        263 |        263 |       0 |    0 |     0 |      2 |      1 |          0 |
|     genblk1[14].triangle_bram                |                 xilinx_true_dual_port_read_first_2_clock_ram_11 |        263 |        263 |       0 |    0 |     0 |      2 |      1 |          0 |
|     genblk1[15].triangle_bram                |                 xilinx_true_dual_port_read_first_2_clock_ram_12 |        263 |        263 |       0 |    0 |     0 |      2 |      1 |          0 |
|     genblk1[1].triangle_bram                 |                 xilinx_true_dual_port_read_first_2_clock_ram_13 |        265 |        265 |       0 |    0 |     0 |      2 |      1 |          0 |
|     genblk1[2].triangle_bram                 |                 xilinx_true_dual_port_read_first_2_clock_ram_14 |        261 |        261 |       0 |    0 |     0 |      2 |      1 |          0 |
|     genblk1[3].triangle_bram                 |                 xilinx_true_dual_port_read_first_2_clock_ram_15 |        263 |        263 |       0 |    0 |     0 |      2 |      1 |          0 |
|     genblk1[4].triangle_bram                 |                 xilinx_true_dual_port_read_first_2_clock_ram_16 |        261 |        261 |       0 |    0 |     0 |      2 |      1 |          0 |
|     genblk1[5].triangle_bram                 |                 xilinx_true_dual_port_read_first_2_clock_ram_17 |        263 |        263 |       0 |    0 |     0 |      2 |      1 |          0 |
|     genblk1[6].triangle_bram                 |                 xilinx_true_dual_port_read_first_2_clock_ram_18 |        267 |        267 |       0 |    0 |     0 |      2 |      1 |          0 |
|     genblk1[7].triangle_bram                 |                 xilinx_true_dual_port_read_first_2_clock_ram_19 |        265 |        265 |       0 |    0 |     0 |      2 |      1 |          0 |
|     genblk1[8].triangle_bram                 |                 xilinx_true_dual_port_read_first_2_clock_ram_20 |        261 |        261 |       0 |    0 |     0 |      2 |      1 |          0 |
|     genblk1[9].triangle_bram                 |                 xilinx_true_dual_port_read_first_2_clock_ram_21 |        265 |        265 |       0 |    0 |     0 |      2 |      1 |          0 |
|     genblk2[0].tile_bram                     |    xilinx_true_dual_port_read_first_2_clock_ram__parameterized0 |          0 |          0 |       0 |    0 |     0 |      1 |      0 |          0 |
|     genblk2[10].tile_bram                    | xilinx_true_dual_port_read_first_2_clock_ram__parameterized0_22 |          0 |          0 |       0 |    0 |     0 |      1 |      0 |          0 |
|     genblk2[11].tile_bram                    | xilinx_true_dual_port_read_first_2_clock_ram__parameterized0_23 |          0 |          0 |       0 |    0 |     0 |      1 |      0 |          0 |
|     genblk2[12].tile_bram                    | xilinx_true_dual_port_read_first_2_clock_ram__parameterized0_24 |          1 |          1 |       0 |    0 |     0 |      1 |      0 |          0 |
|     genblk2[13].tile_bram                    | xilinx_true_dual_port_read_first_2_clock_ram__parameterized0_25 |          0 |          0 |       0 |    0 |     0 |      1 |      0 |          0 |
|     genblk2[14].tile_bram                    | xilinx_true_dual_port_read_first_2_clock_ram__parameterized0_26 |          0 |          0 |       0 |    0 |     0 |      1 |      0 |          0 |
|     genblk2[15].tile_bram                    | xilinx_true_dual_port_read_first_2_clock_ram__parameterized0_27 |         16 |         16 |       0 |    0 |     0 |      1 |      0 |          0 |
|     genblk2[1].tile_bram                     | xilinx_true_dual_port_read_first_2_clock_ram__parameterized0_28 |          0 |          0 |       0 |    0 |     0 |      1 |      0 |          0 |
|     genblk2[2].tile_bram                     | xilinx_true_dual_port_read_first_2_clock_ram__parameterized0_29 |          0 |          0 |       0 |    0 |     0 |      1 |      0 |          0 |
|     genblk2[3].tile_bram                     | xilinx_true_dual_port_read_first_2_clock_ram__parameterized0_30 |          0 |          0 |       0 |    0 |     0 |      1 |      0 |          0 |
|     genblk2[4].tile_bram                     | xilinx_true_dual_port_read_first_2_clock_ram__parameterized0_31 |          0 |          0 |       0 |    0 |     0 |      1 |      0 |          0 |
|     genblk2[5].tile_bram                     | xilinx_true_dual_port_read_first_2_clock_ram__parameterized0_32 |          0 |          0 |       0 |    0 |     0 |      1 |      0 |          0 |
|     genblk2[6].tile_bram                     | xilinx_true_dual_port_read_first_2_clock_ram__parameterized0_33 |          0 |          0 |       0 |    0 |     0 |      1 |      0 |          0 |
|     genblk2[7].tile_bram                     | xilinx_true_dual_port_read_first_2_clock_ram__parameterized0_34 |          0 |          0 |       0 |    0 |     0 |      1 |      0 |          0 |
|     genblk2[8].tile_bram                     | xilinx_true_dual_port_read_first_2_clock_ram__parameterized0_35 |          0 |          0 |       0 |    0 |     0 |      1 |      0 |          0 |
|     genblk2[9].tile_bram                     | xilinx_true_dual_port_read_first_2_clock_ram__parameterized0_36 |          0 |          0 |       0 |    0 |     0 |      1 |      0 |          0 |
|     genblk3[0].tile_painter_inst             |                                                    tile_painter |       1235 |       1120 |       0 |  115 |  1117 |      0 |      0 |          7 |
|       (genblk3[0].tile_painter_inst)         |                                                    tile_painter |        413 |        413 |       0 |    0 |   227 |      0 |      0 |          0 |
|       big_fat_pixel_data_pipeline            |                                    pipeline__parameterized9_248 |         24 |          8 |       0 |   16 |    16 |      0 |      0 |          0 |
|       depth_calculator_inst                  |                                            depth_calculator_249 |        726 |        639 |       0 |   87 |   825 |      0 |      0 |          1 |
|         (depth_calculator_inst)              |                                            depth_calculator_249 |         52 |         52 |       0 |    0 |    68 |      0 |      0 |          0 |
|         dp_divider                           |                                                    divider3_257 |        468 |        441 |       0 |   27 |   498 |      0 |      0 |          0 |
|         nx_times_x_pl_inst                   |                                   pipeline__parameterized10_258 |         19 |          0 |       0 |   19 |    19 |      0 |      0 |          1 |
|         nz_pipeline                          |                                   pipeline__parameterized11_259 |          8 |          0 |       0 |    8 |     8 |      0 |      0 |          0 |
|         p_int                                |                                   pipeline__parameterized12_260 |         79 |         55 |       0 |   24 |    24 |      0 |      0 |          0 |
|         y_mult                               |                                            small_multiplier_261 |        100 |         91 |       0 |    9 |   208 |      0 |      0 |          0 |
|       pixel_calculator_inst                  |                                            pixel_calculator_250 |         48 |         48 |       0 |    0 |     1 |      0 |      0 |          6 |
|       pixel_valid_pl_inst                    |                                    pipeline__parameterized8_251 |         11 |         10 |       0 |    1 |     1 |      0 |      0 |          0 |
|       tile_reading_to_calc_valid_pl_inst     |                                    pipeline__parameterized7_252 |          1 |          1 |       0 |    0 |     2 |      0 |      0 |          0 |
|       x_coord_pl_inst                        |                                    pipeline__parameterized5_253 |          0 |          0 |       0 |    0 |     2 |      0 |      0 |          0 |
|       x_offset_pl_inst                       |                                    pipeline__parameterized3_254 |         15 |          8 |       0 |    7 |    19 |      0 |      0 |          0 |
|       y_coord_pl_inst                        |                                    pipeline__parameterized6_255 |          0 |          0 |       0 |    0 |    20 |      0 |      0 |          0 |
|       y_offset_pl_inst                       |                                    pipeline__parameterized4_256 |         12 |          8 |       0 |    4 |     4 |      0 |      0 |          0 |
|     genblk3[10].tile_painter_inst            |                                                 tile_painter_37 |       1228 |       1113 |       0 |  115 |  1119 |      0 |      0 |          7 |
|       (genblk3[10].tile_painter_inst)        |                                                 tile_painter_37 |        415 |        415 |       0 |    0 |   227 |      0 |      0 |          0 |
|       big_fat_pixel_data_pipeline            |                                    pipeline__parameterized9_234 |         24 |          8 |       0 |   16 |    16 |      0 |      0 |          0 |
|       depth_calculator_inst                  |                                            depth_calculator_235 |        726 |        639 |       0 |   87 |   825 |      0 |      0 |          1 |
|         (depth_calculator_inst)              |                                            depth_calculator_235 |         52 |         52 |       0 |    0 |    68 |      0 |      0 |          0 |
|         dp_divider                           |                                                    divider3_243 |        468 |        441 |       0 |   27 |   498 |      0 |      0 |          0 |
|         nx_times_x_pl_inst                   |                                   pipeline__parameterized10_244 |         19 |          0 |       0 |   19 |    19 |      0 |      0 |          1 |
|         nz_pipeline                          |                                   pipeline__parameterized11_245 |          8 |          0 |       0 |    8 |     8 |      0 |      0 |          0 |
|         p_int                                |                                   pipeline__parameterized12_246 |         79 |         55 |       0 |   24 |    24 |      0 |      0 |          0 |
|         y_mult                               |                                            small_multiplier_247 |        100 |         91 |       0 |    9 |   208 |      0 |      0 |          0 |
|       pixel_calculator_inst                  |                                            pixel_calculator_236 |         37 |         37 |       0 |    0 |     1 |      0 |      0 |          6 |
|       pixel_valid_pl_inst                    |                                    pipeline__parameterized8_237 |         11 |         10 |       0 |    1 |     1 |      0 |      0 |          0 |
|       tile_reading_to_calc_valid_pl_inst     |                                    pipeline__parameterized7_238 |          1 |          1 |       0 |    0 |     2 |      0 |      0 |          0 |
|       x_coord_pl_inst                        |                                    pipeline__parameterized5_239 |          2 |          2 |       0 |    0 |     8 |      0 |      0 |          0 |
|       x_offset_pl_inst                       |                                    pipeline__parameterized3_240 |         15 |          8 |       0 |    7 |    15 |      0 |      0 |          0 |
|       y_coord_pl_inst                        |                                    pipeline__parameterized6_241 |          0 |          0 |       0 |    0 |    20 |      0 |      0 |          0 |
|       y_offset_pl_inst                       |                                    pipeline__parameterized4_242 |         12 |          8 |       0 |    4 |     4 |      0 |      0 |          0 |
|     genblk3[11].tile_painter_inst            |                                                 tile_painter_38 |       1242 |       1127 |       0 |  115 |  1119 |      0 |      0 |          7 |
|       (genblk3[11].tile_painter_inst)        |                                                 tile_painter_38 |        427 |        427 |       0 |    0 |   227 |      0 |      0 |          0 |
|       big_fat_pixel_data_pipeline            |                                    pipeline__parameterized9_220 |         24 |          8 |       0 |   16 |    16 |      0 |      0 |          0 |
|       depth_calculator_inst                  |                                            depth_calculator_221 |        726 |        639 |       0 |   87 |   825 |      0 |      0 |          1 |
|         (depth_calculator_inst)              |                                            depth_calculator_221 |         52 |         52 |       0 |    0 |    68 |      0 |      0 |          0 |
|         dp_divider                           |                                                    divider3_229 |        468 |        441 |       0 |   27 |   498 |      0 |      0 |          0 |
|         nx_times_x_pl_inst                   |                                   pipeline__parameterized10_230 |         19 |          0 |       0 |   19 |    19 |      0 |      0 |          1 |
|         nz_pipeline                          |                                   pipeline__parameterized11_231 |          8 |          0 |       0 |    8 |     8 |      0 |      0 |          0 |
|         p_int                                |                                   pipeline__parameterized12_232 |         79 |         55 |       0 |   24 |    24 |      0 |      0 |          0 |
|         y_mult                               |                                            small_multiplier_233 |        100 |         91 |       0 |    9 |   208 |      0 |      0 |          0 |
|       pixel_calculator_inst                  |                                            pixel_calculator_222 |         37 |         37 |       0 |    0 |     1 |      0 |      0 |          6 |
|       pixel_valid_pl_inst                    |                                    pipeline__parameterized8_223 |         11 |         10 |       0 |    1 |     1 |      0 |      0 |          0 |
|       tile_reading_to_calc_valid_pl_inst     |                                    pipeline__parameterized7_224 |          1 |          1 |       0 |    0 |     2 |      0 |      0 |          0 |
|       x_coord_pl_inst                        |                                    pipeline__parameterized5_225 |          4 |          4 |       0 |    0 |    10 |      0 |      0 |          0 |
|       x_offset_pl_inst                       |                                    pipeline__parameterized3_226 |         15 |          8 |       0 |    7 |    13 |      0 |      0 |          0 |
|       y_coord_pl_inst                        |                                    pipeline__parameterized6_227 |          0 |          0 |       0 |    0 |    20 |      0 |      0 |          0 |
|       y_offset_pl_inst                       |                                    pipeline__parameterized4_228 |         12 |          8 |       0 |    4 |     4 |      0 |      0 |          0 |
|     genblk3[12].tile_painter_inst            |                                                 tile_painter_39 |       1242 |       1127 |       0 |  115 |  1121 |      0 |      0 |          7 |
|       (genblk3[12].tile_painter_inst)        |                                                 tile_painter_39 |        433 |        433 |       0 |    0 |   227 |      0 |      0 |          0 |
|       big_fat_pixel_data_pipeline            |                                    pipeline__parameterized9_206 |         24 |          8 |       0 |   16 |    16 |      0 |      0 |          0 |
|       depth_calculator_inst                  |                                            depth_calculator_207 |        726 |        639 |       0 |   87 |   825 |      0 |      0 |          1 |
|         (depth_calculator_inst)              |                                            depth_calculator_207 |         52 |         52 |       0 |    0 |    68 |      0 |      0 |          0 |
|         dp_divider                           |                                                    divider3_215 |        468 |        441 |       0 |   27 |   498 |      0 |      0 |          0 |
|         nx_times_x_pl_inst                   |                                   pipeline__parameterized10_216 |         19 |          0 |       0 |   19 |    19 |      0 |      0 |          1 |
|         nz_pipeline                          |                                   pipeline__parameterized11_217 |          8 |          0 |       0 |    8 |     8 |      0 |      0 |          0 |
|         p_int                                |                                   pipeline__parameterized12_218 |         79 |         55 |       0 |   24 |    24 |      0 |      0 |          0 |
|         y_mult                               |                                            small_multiplier_219 |        100 |         91 |       0 |    9 |   208 |      0 |      0 |          0 |
|       pixel_calculator_inst                  |                                            pixel_calculator_208 |         34 |         34 |       0 |    0 |     1 |      0 |      0 |          6 |
|       pixel_valid_pl_inst                    |                                    pipeline__parameterized8_209 |         11 |         10 |       0 |    1 |     1 |      0 |      0 |          0 |
|       tile_reading_to_calc_valid_pl_inst     |                                    pipeline__parameterized7_210 |          1 |          1 |       0 |    0 |     2 |      0 |      0 |          0 |
|       x_coord_pl_inst                        |                                    pipeline__parameterized5_211 |          1 |          1 |       0 |    0 |     8 |      0 |      0 |          0 |
|       x_offset_pl_inst                       |                                    pipeline__parameterized3_212 |         15 |          8 |       0 |    7 |    17 |      0 |      0 |          0 |
|       y_coord_pl_inst                        |                                    pipeline__parameterized6_213 |          0 |          0 |       0 |    0 |    20 |      0 |      0 |          0 |
|       y_offset_pl_inst                       |                                    pipeline__parameterized4_214 |         12 |          8 |       0 |    4 |     4 |      0 |      0 |          0 |
|     genblk3[13].tile_painter_inst            |                                                 tile_painter_40 |       1231 |       1116 |       0 |  115 |  1119 |      0 |      0 |          7 |
|       (genblk3[13].tile_painter_inst)        |                                                 tile_painter_40 |        415 |        415 |       0 |    0 |   227 |      0 |      0 |          0 |
|       big_fat_pixel_data_pipeline            |                                    pipeline__parameterized9_192 |         24 |          8 |       0 |   16 |    16 |      0 |      0 |          0 |
|       depth_calculator_inst                  |                                            depth_calculator_193 |        726 |        639 |       0 |   87 |   825 |      0 |      0 |          1 |
|         (depth_calculator_inst)              |                                            depth_calculator_193 |         52 |         52 |       0 |    0 |    68 |      0 |      0 |          0 |
|         dp_divider                           |                                                    divider3_201 |        468 |        441 |       0 |   27 |   498 |      0 |      0 |          0 |
|         nx_times_x_pl_inst                   |                                   pipeline__parameterized10_202 |         19 |          0 |       0 |   19 |    19 |      0 |      0 |          1 |
|         nz_pipeline                          |                                   pipeline__parameterized11_203 |          8 |          0 |       0 |    8 |     8 |      0 |      0 |          0 |
|         p_int                                |                                   pipeline__parameterized12_204 |         79 |         55 |       0 |   24 |    24 |      0 |      0 |          0 |
|         y_mult                               |                                            small_multiplier_205 |        100 |         91 |       0 |    9 |   208 |      0 |      0 |          0 |
|       pixel_calculator_inst                  |                                            pixel_calculator_194 |         40 |         40 |       0 |    0 |     1 |      0 |      0 |          6 |
|       pixel_valid_pl_inst                    |                                    pipeline__parameterized8_195 |         11 |         10 |       0 |    1 |     1 |      0 |      0 |          0 |
|       tile_reading_to_calc_valid_pl_inst     |                                    pipeline__parameterized7_196 |          1 |          1 |       0 |    0 |     2 |      0 |      0 |          0 |
|       x_coord_pl_inst                        |                                    pipeline__parameterized5_197 |          2 |          2 |       0 |    0 |    10 |      0 |      0 |          0 |
|       x_offset_pl_inst                       |                                    pipeline__parameterized3_198 |         15 |          8 |       0 |    7 |    13 |      0 |      0 |          0 |
|       y_coord_pl_inst                        |                                    pipeline__parameterized6_199 |          0 |          0 |       0 |    0 |    20 |      0 |      0 |          0 |
|       y_offset_pl_inst                       |                                    pipeline__parameterized4_200 |         12 |          8 |       0 |    4 |     4 |      0 |      0 |          0 |
|     genblk3[14].tile_painter_inst            |                                                 tile_painter_41 |       1243 |       1128 |       0 |  115 |  1119 |      0 |      0 |          7 |
|       (genblk3[14].tile_painter_inst)        |                                                 tile_painter_41 |        424 |        424 |       0 |    0 |   227 |      0 |      0 |          0 |
|       big_fat_pixel_data_pipeline            |                                    pipeline__parameterized9_178 |         24 |          8 |       0 |   16 |    16 |      0 |      0 |          0 |
|       depth_calculator_inst                  |                                            depth_calculator_179 |        726 |        639 |       0 |   87 |   825 |      0 |      0 |          1 |
|         (depth_calculator_inst)              |                                            depth_calculator_179 |         52 |         52 |       0 |    0 |    68 |      0 |      0 |          0 |
|         dp_divider                           |                                                    divider3_187 |        468 |        441 |       0 |   27 |   498 |      0 |      0 |          0 |
|         nx_times_x_pl_inst                   |                                   pipeline__parameterized10_188 |         19 |          0 |       0 |   19 |    19 |      0 |      0 |          1 |
|         nz_pipeline                          |                                   pipeline__parameterized11_189 |          8 |          0 |       0 |    8 |     8 |      0 |      0 |          0 |
|         p_int                                |                                   pipeline__parameterized12_190 |         79 |         55 |       0 |   24 |    24 |      0 |      0 |          0 |
|         y_mult                               |                                            small_multiplier_191 |        100 |         91 |       0 |    9 |   208 |      0 |      0 |          0 |
|       pixel_calculator_inst                  |                                            pixel_calculator_180 |         40 |         40 |       0 |    0 |     1 |      0 |      0 |          6 |
|       pixel_valid_pl_inst                    |                                    pipeline__parameterized8_181 |         11 |         10 |       0 |    1 |     1 |      0 |      0 |          0 |
|       tile_reading_to_calc_valid_pl_inst     |                                    pipeline__parameterized7_182 |          1 |          1 |       0 |    0 |     2 |      0 |      0 |          0 |
|       x_coord_pl_inst                        |                                    pipeline__parameterized5_183 |          3 |          3 |       0 |    0 |     8 |      0 |      0 |          0 |
|       x_offset_pl_inst                       |                                    pipeline__parameterized3_184 |         15 |          8 |       0 |    7 |    15 |      0 |      0 |          0 |
|       y_coord_pl_inst                        |                                    pipeline__parameterized6_185 |          2 |          2 |       0 |    0 |    20 |      0 |      0 |          0 |
|       y_offset_pl_inst                       |                                    pipeline__parameterized4_186 |         12 |          8 |       0 |    4 |     4 |      0 |      0 |          0 |
|     genblk3[15].tile_painter_inst            |                                                 tile_painter_42 |       1241 |       1126 |       0 |  115 |  1121 |      0 |      0 |          7 |
|       (genblk3[15].tile_painter_inst)        |                                                 tile_painter_42 |        425 |        425 |       0 |    0 |   227 |      0 |      0 |          0 |
|       big_fat_pixel_data_pipeline            |                                    pipeline__parameterized9_164 |         24 |          8 |       0 |   16 |    16 |      0 |      0 |          0 |
|       depth_calculator_inst                  |                                            depth_calculator_165 |        726 |        639 |       0 |   87 |   825 |      0 |      0 |          1 |
|         (depth_calculator_inst)              |                                            depth_calculator_165 |         52 |         52 |       0 |    0 |    68 |      0 |      0 |          0 |
|         dp_divider                           |                                                    divider3_173 |        468 |        441 |       0 |   27 |   498 |      0 |      0 |          0 |
|         nx_times_x_pl_inst                   |                                   pipeline__parameterized10_174 |         19 |          0 |       0 |   19 |    19 |      0 |      0 |          1 |
|         nz_pipeline                          |                                   pipeline__parameterized11_175 |          8 |          0 |       0 |    8 |     8 |      0 |      0 |          0 |
|         p_int                                |                                   pipeline__parameterized12_176 |         79 |         55 |       0 |   24 |    24 |      0 |      0 |          0 |
|         y_mult                               |                                            small_multiplier_177 |        100 |         91 |       0 |    9 |   208 |      0 |      0 |          0 |
|       pixel_calculator_inst                  |                                            pixel_calculator_166 |         38 |         38 |       0 |    0 |     1 |      0 |      0 |          6 |
|       pixel_valid_pl_inst                    |                                    pipeline__parameterized8_167 |         11 |         10 |       0 |    1 |     1 |      0 |      0 |          0 |
|       tile_reading_to_calc_valid_pl_inst     |                                    pipeline__parameterized7_168 |          1 |          1 |       0 |    0 |     2 |      0 |      0 |          0 |
|       x_coord_pl_inst                        |                                    pipeline__parameterized5_169 |          4 |          4 |       0 |    0 |    12 |      0 |      0 |          0 |
|       x_offset_pl_inst                       |                                    pipeline__parameterized3_170 |         15 |          8 |       0 |    7 |    13 |      0 |      0 |          0 |
|       y_coord_pl_inst                        |                                    pipeline__parameterized6_171 |          0 |          0 |       0 |    0 |    20 |      0 |      0 |          0 |
|       y_offset_pl_inst                       |                                    pipeline__parameterized4_172 |         12 |          8 |       0 |    4 |     4 |      0 |      0 |          0 |
|     genblk3[1].tile_painter_inst             |                                                 tile_painter_43 |       1235 |       1120 |       0 |  115 |  1119 |      0 |      0 |          7 |
|       (genblk3[1].tile_painter_inst)         |                                                 tile_painter_43 |        415 |        415 |       0 |    0 |   227 |      0 |      0 |          0 |
|       big_fat_pixel_data_pipeline            |                                    pipeline__parameterized9_150 |         24 |          8 |       0 |   16 |    16 |      0 |      0 |          0 |
|       depth_calculator_inst                  |                                            depth_calculator_151 |        726 |        639 |       0 |   87 |   825 |      0 |      0 |          1 |
|         (depth_calculator_inst)              |                                            depth_calculator_151 |         52 |         52 |       0 |    0 |    68 |      0 |      0 |          0 |
|         dp_divider                           |                                                    divider3_159 |        468 |        441 |       0 |   27 |   498 |      0 |      0 |          0 |
|         nx_times_x_pl_inst                   |                                   pipeline__parameterized10_160 |         19 |          0 |       0 |   19 |    19 |      0 |      0 |          1 |
|         nz_pipeline                          |                                   pipeline__parameterized11_161 |          8 |          0 |       0 |    8 |     8 |      0 |      0 |          0 |
|         p_int                                |                                   pipeline__parameterized12_162 |         79 |         55 |       0 |   24 |    24 |      0 |      0 |          0 |
|         y_mult                               |                                            small_multiplier_163 |        100 |         91 |       0 |    9 |   208 |      0 |      0 |          0 |
|       pixel_calculator_inst                  |                                            pixel_calculator_152 |         43 |         43 |       0 |    0 |     1 |      0 |      0 |          6 |
|       pixel_valid_pl_inst                    |                                    pipeline__parameterized8_153 |         11 |         10 |       0 |    1 |     1 |      0 |      0 |          0 |
|       tile_reading_to_calc_valid_pl_inst     |                                    pipeline__parameterized7_154 |          1 |          1 |       0 |    0 |     2 |      0 |      0 |          0 |
|       x_coord_pl_inst                        |                                    pipeline__parameterized5_155 |          3 |          3 |       0 |    0 |    10 |      0 |      0 |          0 |
|       x_offset_pl_inst                       |                                    pipeline__parameterized3_156 |         15 |          8 |       0 |    7 |    13 |      0 |      0 |          0 |
|       y_coord_pl_inst                        |                                    pipeline__parameterized6_157 |          0 |          0 |       0 |    0 |    20 |      0 |      0 |          0 |
|       y_offset_pl_inst                       |                                    pipeline__parameterized4_158 |         12 |          8 |       0 |    4 |     4 |      0 |      0 |          0 |
|     genblk3[2].tile_painter_inst             |                                                 tile_painter_44 |       1236 |       1121 |       0 |  115 |  1121 |      0 |      0 |          7 |
|       (genblk3[2].tile_painter_inst)         |                                                 tile_painter_44 |        419 |        419 |       0 |    0 |   227 |      0 |      0 |          0 |
|       big_fat_pixel_data_pipeline            |                                    pipeline__parameterized9_136 |         24 |          8 |       0 |   16 |    16 |      0 |      0 |          0 |
|       depth_calculator_inst                  |                                            depth_calculator_137 |        726 |        639 |       0 |   87 |   825 |      0 |      0 |          1 |
|         (depth_calculator_inst)              |                                            depth_calculator_137 |         52 |         52 |       0 |    0 |    68 |      0 |      0 |          0 |
|         dp_divider                           |                                                    divider3_145 |        468 |        441 |       0 |   27 |   498 |      0 |      0 |          0 |
|         nx_times_x_pl_inst                   |                                   pipeline__parameterized10_146 |         19 |          0 |       0 |   19 |    19 |      0 |      0 |          1 |
|         nz_pipeline                          |                                   pipeline__parameterized11_147 |          8 |          0 |       0 |    8 |     8 |      0 |      0 |          0 |
|         p_int                                |                                   pipeline__parameterized12_148 |         79 |         55 |       0 |   24 |    24 |      0 |      0 |          0 |
|         y_mult                               |                                            small_multiplier_149 |        100 |         91 |       0 |    9 |   208 |      0 |      0 |          0 |
|       pixel_calculator_inst                  |                                            pixel_calculator_138 |         40 |         40 |       0 |    0 |     1 |      0 |      0 |          6 |
|       pixel_valid_pl_inst                    |                                    pipeline__parameterized8_139 |         11 |         10 |       0 |    1 |     1 |      0 |      0 |          0 |
|       tile_reading_to_calc_valid_pl_inst     |                                    pipeline__parameterized7_140 |          1 |          1 |       0 |    0 |     2 |      0 |      0 |          0 |
|       x_coord_pl_inst                        |                                    pipeline__parameterized5_141 |          3 |          3 |       0 |    0 |    10 |      0 |      0 |          0 |
|       x_offset_pl_inst                       |                                    pipeline__parameterized3_142 |         15 |          8 |       0 |    7 |    15 |      0 |      0 |          0 |
|       y_coord_pl_inst                        |                                    pipeline__parameterized6_143 |          0 |          0 |       0 |    0 |    20 |      0 |      0 |          0 |
|       y_offset_pl_inst                       |                                    pipeline__parameterized4_144 |         12 |          8 |       0 |    4 |     4 |      0 |      0 |          0 |
|     genblk3[3].tile_painter_inst             |                                                 tile_painter_45 |       1238 |       1123 |       0 |  115 |  1121 |      0 |      0 |          7 |
|       (genblk3[3].tile_painter_inst)         |                                                 tile_painter_45 |        419 |        419 |       0 |    0 |   227 |      0 |      0 |          0 |
|       big_fat_pixel_data_pipeline            |                                    pipeline__parameterized9_122 |         24 |          8 |       0 |   16 |    16 |      0 |      0 |          0 |
|       depth_calculator_inst                  |                                            depth_calculator_123 |        726 |        639 |       0 |   87 |   825 |      0 |      0 |          1 |
|         (depth_calculator_inst)              |                                            depth_calculator_123 |         52 |         52 |       0 |    0 |    68 |      0 |      0 |          0 |
|         dp_divider                           |                                                    divider3_131 |        468 |        441 |       0 |   27 |   498 |      0 |      0 |          0 |
|         nx_times_x_pl_inst                   |                                   pipeline__parameterized10_132 |         19 |          0 |       0 |   19 |    19 |      0 |      0 |          1 |
|         nz_pipeline                          |                                   pipeline__parameterized11_133 |          8 |          0 |       0 |    8 |     8 |      0 |      0 |          0 |
|         p_int                                |                                   pipeline__parameterized12_134 |         79 |         55 |       0 |   24 |    24 |      0 |      0 |          0 |
|         y_mult                               |                                            small_multiplier_135 |        100 |         91 |       0 |    9 |   208 |      0 |      0 |          0 |
|       pixel_calculator_inst                  |                                            pixel_calculator_124 |         40 |         40 |       0 |    0 |     1 |      0 |      0 |          6 |
|       pixel_valid_pl_inst                    |                                    pipeline__parameterized8_125 |         11 |         10 |       0 |    1 |     1 |      0 |      0 |          0 |
|       tile_reading_to_calc_valid_pl_inst     |                                    pipeline__parameterized7_126 |          1 |          1 |       0 |    0 |     2 |      0 |      0 |          0 |
|       x_coord_pl_inst                        |                                    pipeline__parameterized5_127 |          5 |          5 |       0 |    0 |    12 |      0 |      0 |          0 |
|       x_offset_pl_inst                       |                                    pipeline__parameterized3_128 |         15 |          8 |       0 |    7 |    13 |      0 |      0 |          0 |
|       y_coord_pl_inst                        |                                    pipeline__parameterized6_129 |          0 |          0 |       0 |    0 |    20 |      0 |      0 |          0 |
|       y_offset_pl_inst                       |                                    pipeline__parameterized4_130 |         12 |          8 |       0 |    4 |     4 |      0 |      0 |          0 |
|     genblk3[4].tile_painter_inst             |                                                 tile_painter_46 |       1232 |       1117 |       0 |  115 |  1119 |      0 |      0 |          7 |
|       (genblk3[4].tile_painter_inst)         |                                                 tile_painter_46 |        415 |        415 |       0 |    0 |   227 |      0 |      0 |          0 |
|       big_fat_pixel_data_pipeline            |                                    pipeline__parameterized9_108 |         24 |          8 |       0 |   16 |    16 |      0 |      0 |          0 |
|       depth_calculator_inst                  |                                            depth_calculator_109 |        726 |        639 |       0 |   87 |   825 |      0 |      0 |          1 |
|         (depth_calculator_inst)              |                                            depth_calculator_109 |         52 |         52 |       0 |    0 |    68 |      0 |      0 |          0 |
|         dp_divider                           |                                                    divider3_117 |        468 |        441 |       0 |   27 |   498 |      0 |      0 |          0 |
|         nx_times_x_pl_inst                   |                                   pipeline__parameterized10_118 |         19 |          0 |       0 |   19 |    19 |      0 |      0 |          1 |
|         nz_pipeline                          |                                   pipeline__parameterized11_119 |          8 |          0 |       0 |    8 |     8 |      0 |      0 |          0 |
|         p_int                                |                                   pipeline__parameterized12_120 |         79 |         55 |       0 |   24 |    24 |      0 |      0 |          0 |
|         y_mult                               |                                            small_multiplier_121 |        100 |         91 |       0 |    9 |   208 |      0 |      0 |          0 |
|       pixel_calculator_inst                  |                                            pixel_calculator_110 |         41 |         41 |       0 |    0 |     1 |      0 |      0 |          6 |
|       pixel_valid_pl_inst                    |                                    pipeline__parameterized8_111 |         11 |         10 |       0 |    1 |     1 |      0 |      0 |          0 |
|       tile_reading_to_calc_valid_pl_inst     |                                    pipeline__parameterized7_112 |          1 |          1 |       0 |    0 |     2 |      0 |      0 |          0 |
|       x_coord_pl_inst                        |                                    pipeline__parameterized5_113 |          2 |          2 |       0 |    0 |     6 |      0 |      0 |          0 |
|       x_offset_pl_inst                       |                                    pipeline__parameterized3_114 |         15 |          8 |       0 |    7 |    17 |      0 |      0 |          0 |
|       y_coord_pl_inst                        |                                    pipeline__parameterized6_115 |          0 |          0 |       0 |    0 |    20 |      0 |      0 |          0 |
|       y_offset_pl_inst                       |                                    pipeline__parameterized4_116 |         12 |          8 |       0 |    4 |     4 |      0 |      0 |          0 |
|     genblk3[5].tile_painter_inst             |                                                 tile_painter_47 |       1236 |       1121 |       0 |  115 |  1121 |      0 |      0 |          7 |
|       (genblk3[5].tile_painter_inst)         |                                                 tile_painter_47 |        422 |        422 |       0 |    0 |   227 |      0 |      0 |          0 |
|       big_fat_pixel_data_pipeline            |                                     pipeline__parameterized9_94 |         24 |          8 |       0 |   16 |    16 |      0 |      0 |          0 |
|       depth_calculator_inst                  |                                             depth_calculator_95 |        726 |        639 |       0 |   87 |   825 |      0 |      0 |          1 |
|         (depth_calculator_inst)              |                                             depth_calculator_95 |         52 |         52 |       0 |    0 |    68 |      0 |      0 |          0 |
|         dp_divider                           |                                                    divider3_103 |        468 |        441 |       0 |   27 |   498 |      0 |      0 |          0 |
|         nx_times_x_pl_inst                   |                                   pipeline__parameterized10_104 |         19 |          0 |       0 |   19 |    19 |      0 |      0 |          1 |
|         nz_pipeline                          |                                   pipeline__parameterized11_105 |          8 |          0 |       0 |    8 |     8 |      0 |      0 |          0 |
|         p_int                                |                                   pipeline__parameterized12_106 |         79 |         55 |       0 |   24 |    24 |      0 |      0 |          0 |
|         y_mult                               |                                            small_multiplier_107 |        100 |         91 |       0 |    9 |   208 |      0 |      0 |          0 |
|       pixel_calculator_inst                  |                                             pixel_calculator_96 |         37 |         37 |       0 |    0 |     1 |      0 |      0 |          6 |
|       pixel_valid_pl_inst                    |                                     pipeline__parameterized8_97 |         11 |         10 |       0 |    1 |     1 |      0 |      0 |          0 |
|       tile_reading_to_calc_valid_pl_inst     |                                     pipeline__parameterized7_98 |          1 |          1 |       0 |    0 |     2 |      0 |      0 |          0 |
|       x_coord_pl_inst                        |                                     pipeline__parameterized5_99 |          3 |          3 |       0 |    0 |    12 |      0 |      0 |          0 |
|       x_offset_pl_inst                       |                                    pipeline__parameterized3_100 |         15 |          8 |       0 |    7 |    13 |      0 |      0 |          0 |
|       y_coord_pl_inst                        |                                    pipeline__parameterized6_101 |          0 |          0 |       0 |    0 |    20 |      0 |      0 |          0 |
|       y_offset_pl_inst                       |                                    pipeline__parameterized4_102 |         12 |          8 |       0 |    4 |     4 |      0 |      0 |          0 |
|     genblk3[6].tile_painter_inst             |                                                 tile_painter_48 |       1244 |       1129 |       0 |  115 |  1121 |      0 |      0 |          7 |
|       (genblk3[6].tile_painter_inst)         |                                                 tile_painter_48 |        429 |        429 |       0 |    0 |   227 |      0 |      0 |          0 |
|       big_fat_pixel_data_pipeline            |                                     pipeline__parameterized9_80 |         24 |          8 |       0 |   16 |    16 |      0 |      0 |          0 |
|       depth_calculator_inst                  |                                             depth_calculator_81 |        726 |        639 |       0 |   87 |   825 |      0 |      0 |          1 |
|         (depth_calculator_inst)              |                                             depth_calculator_81 |         52 |         52 |       0 |    0 |    68 |      0 |      0 |          0 |
|         dp_divider                           |                                                     divider3_89 |        468 |        441 |       0 |   27 |   498 |      0 |      0 |          0 |
|         nx_times_x_pl_inst                   |                                    pipeline__parameterized10_90 |         19 |          0 |       0 |   19 |    19 |      0 |      0 |          1 |
|         nz_pipeline                          |                                    pipeline__parameterized11_91 |          8 |          0 |       0 |    8 |     8 |      0 |      0 |          0 |
|         p_int                                |                                    pipeline__parameterized12_92 |         79 |         55 |       0 |   24 |    24 |      0 |      0 |          0 |
|         y_mult                               |                                             small_multiplier_93 |        100 |         91 |       0 |    9 |   208 |      0 |      0 |          0 |
|       pixel_calculator_inst                  |                                             pixel_calculator_82 |         37 |         37 |       0 |    0 |     1 |      0 |      0 |          6 |
|       pixel_valid_pl_inst                    |                                     pipeline__parameterized8_83 |         11 |         10 |       0 |    1 |     1 |      0 |      0 |          0 |
|       tile_reading_to_calc_valid_pl_inst     |                                     pipeline__parameterized7_84 |          1 |          1 |       0 |    0 |     2 |      0 |      0 |          0 |
|       x_coord_pl_inst                        |                                     pipeline__parameterized5_85 |          4 |          4 |       0 |    0 |    10 |      0 |      0 |          0 |
|       x_offset_pl_inst                       |                                     pipeline__parameterized3_86 |         15 |          8 |       0 |    7 |    15 |      0 |      0 |          0 |
|       y_coord_pl_inst                        |                                     pipeline__parameterized6_87 |          0 |          0 |       0 |    0 |    20 |      0 |      0 |          0 |
|       y_offset_pl_inst                       |                                     pipeline__parameterized4_88 |         12 |          8 |       0 |    4 |     4 |      0 |      0 |          0 |
|     genblk3[7].tile_painter_inst             |                                                 tile_painter_49 |       1291 |       1177 |       0 |  114 |  1168 |      0 |      0 |          6 |
|       (genblk3[7].tile_painter_inst)         |                                                 tile_painter_49 |        416 |        416 |       0 |    0 |   227 |      0 |      0 |          0 |
|       big_fat_pixel_data_pipeline            |                                     pipeline__parameterized9_66 |         24 |          8 |       0 |   16 |    16 |      0 |      0 |          0 |
|       depth_calculator_inst                  |                                             depth_calculator_67 |        785 |        699 |       0 |   86 |   868 |      0 |      0 |          0 |
|         (depth_calculator_inst)              |                                             depth_calculator_67 |        112 |        112 |       0 |    0 |    81 |      0 |      0 |          0 |
|         dp_divider                           |                                                     divider3_75 |        468 |        441 |       0 |   27 |   498 |      0 |      0 |          0 |
|         nx_times_x_pl_inst                   |                                    pipeline__parameterized10_76 |         18 |          0 |       0 |   18 |    49 |      0 |      0 |          0 |
|         nz_pipeline                          |                                    pipeline__parameterized11_77 |          8 |          0 |       0 |    8 |     8 |      0 |      0 |          0 |
|         p_int                                |                                    pipeline__parameterized12_78 |         79 |         55 |       0 |   24 |    24 |      0 |      0 |          0 |
|         y_mult                               |                                             small_multiplier_79 |        100 |         91 |       0 |    9 |   208 |      0 |      0 |          0 |
|       pixel_calculator_inst                  |                                             pixel_calculator_68 |         40 |         40 |       0 |    0 |     1 |      0 |      0 |          6 |
|       pixel_valid_pl_inst                    |                                     pipeline__parameterized8_69 |         11 |         10 |       0 |    1 |     1 |      0 |      0 |          0 |
|       tile_reading_to_calc_valid_pl_inst     |                                     pipeline__parameterized7_70 |          1 |          1 |       0 |    0 |     2 |      0 |      0 |          0 |
|       x_coord_pl_inst                        |                                     pipeline__parameterized5_71 |          2 |          2 |       0 |    0 |    10 |      0 |      0 |          0 |
|       x_offset_pl_inst                       |                                     pipeline__parameterized3_72 |         15 |          8 |       0 |    7 |    19 |      0 |      0 |          0 |
|       y_coord_pl_inst                        |                                     pipeline__parameterized6_73 |          0 |          0 |       0 |    0 |    20 |      0 |      0 |          0 |
|       y_offset_pl_inst                       |                                     pipeline__parameterized4_74 |         12 |          8 |       0 |    4 |     4 |      0 |      0 |          0 |
|     genblk3[8].tile_painter_inst             |                                                 tile_painter_50 |       1226 |       1111 |       0 |  115 |  1117 |      0 |      0 |          7 |
|       (genblk3[8].tile_painter_inst)         |                                                 tile_painter_50 |        412 |        412 |       0 |    0 |   227 |      0 |      0 |          0 |
|       big_fat_pixel_data_pipeline            |                                     pipeline__parameterized9_52 |         24 |          8 |       0 |   16 |    16 |      0 |      0 |          0 |
|       depth_calculator_inst                  |                                             depth_calculator_53 |        726 |        639 |       0 |   87 |   825 |      0 |      0 |          1 |
|         (depth_calculator_inst)              |                                             depth_calculator_53 |         52 |         52 |       0 |    0 |    68 |      0 |      0 |          0 |
|         dp_divider                           |                                                     divider3_61 |        468 |        441 |       0 |   27 |   498 |      0 |      0 |          0 |
|         nx_times_x_pl_inst                   |                                    pipeline__parameterized10_62 |         19 |          0 |       0 |   19 |    19 |      0 |      0 |          1 |
|         nz_pipeline                          |                                    pipeline__parameterized11_63 |          8 |          0 |       0 |    8 |     8 |      0 |      0 |          0 |
|         p_int                                |                                    pipeline__parameterized12_64 |         79 |         55 |       0 |   24 |    24 |      0 |      0 |          0 |
|         y_mult                               |                                             small_multiplier_65 |        100 |         91 |       0 |    9 |   208 |      0 |      0 |          0 |
|       pixel_calculator_inst                  |                                             pixel_calculator_54 |         40 |         40 |       0 |    0 |     1 |      0 |      0 |          6 |
|       pixel_valid_pl_inst                    |                                     pipeline__parameterized8_55 |         11 |         10 |       0 |    1 |     1 |      0 |      0 |          0 |
|       tile_reading_to_calc_valid_pl_inst     |                                     pipeline__parameterized7_56 |          1 |          1 |       0 |    0 |     2 |      0 |      0 |          0 |
|       x_coord_pl_inst                        |                                     pipeline__parameterized5_57 |          0 |          0 |       0 |    0 |     2 |      0 |      0 |          0 |
|       x_offset_pl_inst                       |                                     pipeline__parameterized3_58 |         15 |          8 |       0 |    7 |    19 |      0 |      0 |          0 |
|       y_coord_pl_inst                        |                                     pipeline__parameterized6_59 |          0 |          0 |       0 |    0 |    20 |      0 |      0 |          0 |
|       y_offset_pl_inst                       |                                     pipeline__parameterized4_60 |         12 |          8 |       0 |    4 |     4 |      0 |      0 |          0 |
|     genblk3[9].tile_painter_inst             |                                                 tile_painter_51 |       1234 |       1119 |       0 |  115 |  1121 |      0 |      0 |          7 |
|       (genblk3[9].tile_painter_inst)         |                                                 tile_painter_51 |        421 |        421 |       0 |    0 |   227 |      0 |      0 |          0 |
|       big_fat_pixel_data_pipeline            |                                        pipeline__parameterized9 |         24 |          8 |       0 |   16 |    16 |      0 |      0 |          0 |
|       depth_calculator_inst                  |                                                depth_calculator |        726 |        639 |       0 |   87 |   825 |      0 |      0 |          1 |
|         (depth_calculator_inst)              |                                                depth_calculator |         52 |         52 |       0 |    0 |    68 |      0 |      0 |          0 |
|         dp_divider                           |                                                        divider3 |        468 |        441 |       0 |   27 |   498 |      0 |      0 |          0 |
|         nx_times_x_pl_inst                   |                                       pipeline__parameterized10 |         19 |          0 |       0 |   19 |    19 |      0 |      0 |          1 |
|         nz_pipeline                          |                                       pipeline__parameterized11 |          8 |          0 |       0 |    8 |     8 |      0 |      0 |          0 |
|         p_int                                |                                       pipeline__parameterized12 |         79 |         55 |       0 |   24 |    24 |      0 |      0 |          0 |
|         y_mult                               |                                                small_multiplier |        100 |         91 |       0 |    9 |   208 |      0 |      0 |          0 |
|       pixel_calculator_inst                  |                                                pixel_calculator |         37 |         37 |       0 |    0 |     1 |      0 |      0 |          6 |
|       pixel_valid_pl_inst                    |                                        pipeline__parameterized8 |         11 |         10 |       0 |    1 |     1 |      0 |      0 |          0 |
|       tile_reading_to_calc_valid_pl_inst     |                                        pipeline__parameterized7 |          1 |          1 |       0 |    0 |     2 |      0 |      0 |          0 |
|       x_coord_pl_inst                        |                                        pipeline__parameterized5 |          2 |          2 |       0 |    0 |    12 |      0 |      0 |          0 |
|       x_offset_pl_inst                       |                                        pipeline__parameterized3 |         15 |          8 |       0 |    7 |    13 |      0 |      0 |          0 |
|       y_coord_pl_inst                        |                                        pipeline__parameterized6 |          0 |          0 |       0 |    0 |    20 |      0 |      0 |          0 |
|       y_offset_pl_inst                       |                                        pipeline__parameterized4 |         12 |          8 |       0 |    4 |     4 |      0 |      0 |          0 |
|     h_count_pl                               |                                       pipeline__parameterized13 |         11 |          0 |       0 |   11 |    11 |      0 |      0 |          0 |
|     hcountdiv80_pl                           |                                       pipeline__parameterized16 |        150 |        150 |       0 |    0 |     8 |      0 |      0 |          0 |
|     v_count_pl                               |                                       pipeline__parameterized14 |         10 |          0 |       0 |   10 |    10 |      0 |      0 |          0 |
|     valid_pl                                 |                                       pipeline__parameterized15 |          1 |          0 |       0 |    1 |     1 |      0 |      0 |          0 |
|   sampler_inst                               |                                     evt_counter__parameterized0 |         15 |         15 |       0 |    0 |    32 |      0 |      0 |          0 |
|   tmds_blue                                  |                                                    tmds_encoder |         46 |         46 |       0 |    0 |    14 |      0 |      0 |          0 |
|   tmds_green                                 |                                                  tmds_encoder_5 |         37 |         37 |       0 |    0 |    14 |      0 |      0 |          0 |
|   tmds_red                                   |                                                  tmds_encoder_6 |         48 |         48 |       0 |    0 |    13 |      0 |      0 |          0 |
|   vsg                                        |                                                   video_sig_gen |         42 |         42 |       0 |    0 |    21 |      0 |      0 |          0 |
|   wizard_hdmi                                |                                                 cw_hdmi_clk_wiz |          0 |          0 |       0 |    0 |     0 |      0 |      0 |          0 |
+----------------------------------------------+-----------------------------------------------------------------+------------+------------+---------+------+-------+--------+--------+------------+


