Copyright 1986-2022 Xilinx, Inc. All Rights Reserved. Copyright 2022-2025 Advanced Micro Devices, Inc. All Rights Reserved.
---------------------------------------------------------------------------------------------------------------------------------------------
| Tool Version : Vivado v.2025.1 (lin64) Build 6140274 Wed May 21 22:58:25 MDT 2025
| Date         : Mon Dec  8 21:41:13 2025
| Host         : eecs-digital-03 running 64-bit Ubuntu 24.04.3 LTS
| Command      : report_utilization -file obj/post_place_util.rpt -hierarchical -hierarchical_depth 4 -hierarchical_min_primitive_count 0
| Design       : top_level
| Device       : xc7s50csga324-1
| Speed File   : -1
| Design State : Fully Placed
---------------------------------------------------------------------------------------------------------------------------------------------

Utilization Design Information

Table of Contents
-----------------
1. Utilization by Hierarchy

1. Utilization by Hierarchy
---------------------------

+----------------------------------------------+-----------------------------------------------------------------+------------+------------+---------+------+-------+--------+--------+------------+
|                   Instance                   |                              Module                             | Total LUTs | Logic LUTs | LUTRAMs | SRLs |  FFs  | RAMB36 | RAMB18 | DSP Blocks |
+----------------------------------------------+-----------------------------------------------------------------+------------+------------+---------+------+-------+--------+--------+------------+
| top_level                                    |                                                           (top) |      29341 |      27763 |      34 | 1544 | 23017 |     52 |     16 |        120 |
|   (top_level)                                |                                                           (top) |         23 |         23 |       0 |    0 |   101 |      0 |      0 |          0 |
|   blue_ser                                   |                                                 tmds_serializer |          0 |          0 |       0 |    0 |     0 |      0 |      0 |          0 |
|   full_projector_inst                        |                                                  full_projector |       1521 |       1443 |       0 |   78 |  1153 |      0 |      0 |          9 |
|     (full_projector_inst)                    |                                                  full_projector |         25 |         25 |       0 |    0 |     8 |      0 |      0 |          0 |
|     ddd_inst                                 |                                                   ddd_projector |       1133 |       1055 |       0 |   78 |  1025 |      0 |      0 |          9 |
|       (ddd_inst)                             |                                                   ddd_projector |         67 |         66 |       0 |    1 |   107 |      0 |      0 |          9 |
|       color_p                                |                                        pipeline__parameterized1 |         23 |          8 |       0 |   15 |    25 |      0 |      0 |          0 |
|       done_p                                 |                                        pipeline__parameterized0 |          3 |          2 |       0 |    1 |     1 |      0 |      0 |          0 |
|       pc_pipeline                            |                                        pipeline__parameterized2 |        294 |        270 |       0 |   24 |   138 |      0 |      0 |          0 |
|       xcoord_divider                         |                                                    divider3_265 |        357 |        340 |       0 |   17 |   495 |      0 |      0 |          0 |
|       xdiv_p                                 |                                                        pipeline |         24 |         23 |       0 |    1 |     1 |      0 |      0 |          0 |
|       ycoord_divider                         |                                                    divider3_266 |        349 |        331 |       0 |   18 |   257 |      0 |      0 |          0 |
|       ydiv_p                                 |                                                    pipeline_267 |         24 |         23 |       0 |    1 |     1 |      0 |      0 |          0 |
|     screator_inst                            |                                                  sprite_creator |        135 |        135 |       0 |    0 |    51 |      0 |      0 |          0 |
|     tcreator_inst                            |                                                triangle_creator |        233 |        233 |       0 |    0 |    69 |      0 |      0 |          0 |
|   game                                       |                                                      game_logic |        369 |        369 |       0 |    0 |    86 |      0 |      0 |          0 |
|   genblk1[0].game_debouncers                 |                                                       debouncer |         26 |         26 |       0 |    0 |    21 |      0 |      0 |          0 |
|   genblk1[1].game_debouncers                 |                                                     debouncer_0 |         26 |         26 |       0 |    0 |    21 |      0 |      0 |          0 |
|   genblk1[2].game_debouncers                 |                                                     debouncer_1 |         26 |         26 |       0 |    0 |    21 |      0 |      0 |          0 |
|   genblk1[3].game_debouncers                 |                                                     debouncer_2 |         26 |         26 |       0 |    0 |    21 |      0 |      0 |          0 |
|   green_ser                                  |                                               tmds_serializer_3 |          0 |          0 |       0 |    0 |     0 |      0 |      0 |          0 |
|   highdef_fb                                 |                                    high_definition_frame_buffer |       3229 |       3195 |      34 |    0 |  2961 |      4 |      0 |          0 |
|     (highdef_fb)                             |                                    high_definition_frame_buffer |          1 |          1 |       0 |    0 |     0 |      0 |      0 |          0 |
|     camera_data_fifo                         |                                                clockdomain_fifo |        104 |        104 |       0 |    0 |   150 |      2 |      0 |          0 |
|       (camera_data_fifo)                     |                                                clockdomain_fifo |          2 |          2 |       0 |    0 |     0 |      0 |      0 |          0 |
|       xpm_fifo_axis_inst                     |                                                xpm_fifo_axis__1 |        102 |        102 |       0 |    0 |   150 |      2 |      0 |          0 |
|         (xpm_fifo_axis_inst)                 |                                                xpm_fifo_axis__1 |          2 |          2 |       0 |    0 |     0 |      0 |      0 |          0 |
|         gaxis_rst_sync.xpm_cdc_sync_rst_inst |                                             xpm_cdc_sync_rst__5 |          0 |          0 |       0 |    0 |     3 |      0 |      0 |          0 |
|         xpm_fifo_base_inst                   |                                                xpm_fifo_base__1 |        100 |        100 |       0 |    0 |   147 |      2 |      0 |          0 |
|     ddr3_top                                 |                                                        ddr3_top |       2688 |       2688 |       0 |    0 |  2211 |      0 |      0 |          0 |
|       (ddr3_top)                             |                                                        ddr3_top |          2 |          2 |       0 |    0 |     0 |      0 |      0 |          0 |
|       ddr3_controller_inst                   |                                                 ddr3_controller |       2672 |       2672 |       0 |    0 |  2188 |      0 |      0 |          0 |
|       ddr3_phy_inst                          |                                                        ddr3_phy |         15 |         15 |       0 |    0 |    23 |      0 |      0 |          0 |
|     pdfifo                                   |                                            clockdomain_fifo_268 |        105 |        105 |       0 |    0 |   150 |      2 |      0 |          0 |
|       (pdfifo)                               |                                            clockdomain_fifo_268 |          2 |          2 |       0 |    0 |     0 |      0 |      0 |          0 |
|       xpm_fifo_axis_inst                     |                                                   xpm_fifo_axis |        103 |        103 |       0 |    0 |   150 |      2 |      0 |          0 |
|         (xpm_fifo_axis_inst)                 |                                                   xpm_fifo_axis |          2 |          2 |       0 |    0 |     0 |      0 |      0 |          0 |
|         gaxis_rst_sync.xpm_cdc_sync_rst_inst |                                                xpm_cdc_sync_rst |          0 |          0 |       0 |    0 |     3 |      0 |      0 |          0 |
|         xpm_fifo_base_inst                   |                                                   xpm_fifo_base |        101 |        101 |       0 |    0 |   147 |      2 |      0 |          0 |
|     stacker_inst                             |                                                         stacker |         11 |         11 |       0 |    0 |   253 |      0 |      0 |          0 |
|     traffic_generator_inst                   |                                               traffic_generator |        188 |        154 |      34 |    0 |    64 |      0 |      0 |          0 |
|       (traffic_generator_inst)               |                                               traffic_generator |         68 |         68 |       0 |    0 |     4 |      0 |      0 |          0 |
|       mcf                                    |                                                    command_fifo |         56 |         22 |      34 |    0 |    12 |      0 |      0 |          0 |
|       read_counter                           |                                                     evt_counter |         32 |         32 |       0 |    0 |    24 |      0 |      0 |          0 |
|       write_counter                          |                                                 evt_counter_269 |         32 |         32 |       0 |    0 |    24 |      0 |      0 |          0 |
|     unstacker_inst                           |                                                       unstacker |        136 |        136 |       0 |    0 |   133 |      0 |      0 |          0 |
|   lcw                                        |                                                   lab06_clk_wiz |          0 |          0 |       0 |    0 |     0 |      0 |      0 |          0 |
|   mssc                                       |                                        seven_segment_controller |         44 |         44 |       0 |    0 |    25 |      0 |      0 |          0 |
|   obs_gen                                    |                                              obstacle_generator |        164 |        152 |       0 |   12 |   138 |      0 |      0 |          0 |
|   red_ser                                    |                                               tmds_serializer_4 |          1 |          1 |       0 |    0 |     1 |      0 |      0 |          0 |
|   renderer_inst                              |                                                        renderer |      23710 |      22256 |       0 | 1454 | 18374 |     48 |     16 |        111 |
|     (renderer_inst)                          |                                                        renderer |        120 |        120 |       0 |    0 |   296 |      0 |      0 |          0 |
|     genblk1[0].triangle_bram                 |                    xilinx_true_dual_port_read_first_2_clock_ram |        260 |        260 |       0 |    0 |     3 |      2 |      1 |          0 |
|     genblk1[10].triangle_bram                |                  xilinx_true_dual_port_read_first_2_clock_ram_7 |        262 |        262 |       0 |    0 |     4 |      2 |      1 |          0 |
|     genblk1[11].triangle_bram                |                  xilinx_true_dual_port_read_first_2_clock_ram_8 |        265 |        265 |       0 |    0 |     4 |      2 |      1 |          0 |
|     genblk1[12].triangle_bram                |                  xilinx_true_dual_port_read_first_2_clock_ram_9 |        263 |        263 |       0 |    0 |     4 |      2 |      1 |          0 |
|     genblk1[13].triangle_bram                |                 xilinx_true_dual_port_read_first_2_clock_ram_10 |        266 |        266 |       0 |    0 |     4 |      2 |      1 |          0 |
|     genblk1[14].triangle_bram                |                 xilinx_true_dual_port_read_first_2_clock_ram_11 |        266 |        266 |       0 |    0 |     4 |      2 |      1 |          0 |
|     genblk1[15].triangle_bram                |                 xilinx_true_dual_port_read_first_2_clock_ram_12 |        265 |        265 |       0 |    0 |     4 |      2 |      1 |          0 |
|     genblk1[1].triangle_bram                 |                 xilinx_true_dual_port_read_first_2_clock_ram_13 |        267 |        267 |       0 |    0 |     4 |      2 |      1 |          0 |
|     genblk1[2].triangle_bram                 |                 xilinx_true_dual_port_read_first_2_clock_ram_14 |        263 |        263 |       0 |    0 |     4 |      2 |      1 |          0 |
|     genblk1[3].triangle_bram                 |                 xilinx_true_dual_port_read_first_2_clock_ram_15 |        265 |        265 |       0 |    0 |     4 |      2 |      1 |          0 |
|     genblk1[4].triangle_bram                 |                 xilinx_true_dual_port_read_first_2_clock_ram_16 |        262 |        262 |       0 |    0 |     4 |      2 |      1 |          0 |
|     genblk1[5].triangle_bram                 |                 xilinx_true_dual_port_read_first_2_clock_ram_17 |        265 |        265 |       0 |    0 |     4 |      2 |      1 |          0 |
|     genblk1[6].triangle_bram                 |                 xilinx_true_dual_port_read_first_2_clock_ram_18 |        268 |        268 |       0 |    0 |     4 |      2 |      1 |          0 |
|     genblk1[7].triangle_bram                 |                 xilinx_true_dual_port_read_first_2_clock_ram_19 |        266 |        266 |       0 |    0 |     4 |      2 |      1 |          0 |
|     genblk1[8].triangle_bram                 |                 xilinx_true_dual_port_read_first_2_clock_ram_20 |        263 |        263 |       0 |    0 |     4 |      2 |      1 |          0 |
|     genblk1[9].triangle_bram                 |                 xilinx_true_dual_port_read_first_2_clock_ram_21 |        268 |        268 |       0 |    0 |     4 |      2 |      1 |          0 |
|     genblk2[0].tile_bram                     |    xilinx_true_dual_port_read_first_2_clock_ram__parameterized0 |          0 |          0 |       0 |    0 |     0 |      1 |      0 |          0 |
|     genblk2[10].tile_bram                    | xilinx_true_dual_port_read_first_2_clock_ram__parameterized0_22 |          0 |          0 |       0 |    0 |     0 |      1 |      0 |          0 |
|     genblk2[11].tile_bram                    | xilinx_true_dual_port_read_first_2_clock_ram__parameterized0_23 |          0 |          0 |       0 |    0 |     0 |      1 |      0 |          0 |
|     genblk2[12].tile_bram                    | xilinx_true_dual_port_read_first_2_clock_ram__parameterized0_24 |          0 |          0 |       0 |    0 |     0 |      1 |      0 |          0 |
|     genblk2[13].tile_bram                    | xilinx_true_dual_port_read_first_2_clock_ram__parameterized0_25 |          0 |          0 |       0 |    0 |     0 |      1 |      0 |          0 |
|     genblk2[14].tile_bram                    | xilinx_true_dual_port_read_first_2_clock_ram__parameterized0_26 |          0 |          0 |       0 |    0 |     0 |      1 |      0 |          0 |
|     genblk2[15].tile_bram                    | xilinx_true_dual_port_read_first_2_clock_ram__parameterized0_27 |         16 |         16 |       0 |    0 |     0 |      1 |      0 |          0 |
|     genblk2[1].tile_bram                     | xilinx_true_dual_port_read_first_2_clock_ram__parameterized0_28 |          0 |          0 |       0 |    0 |     0 |      1 |      0 |          0 |
|     genblk2[2].tile_bram                     | xilinx_true_dual_port_read_first_2_clock_ram__parameterized0_29 |          0 |          0 |       0 |    0 |     0 |      1 |      0 |          0 |
|     genblk2[3].tile_bram                     | xilinx_true_dual_port_read_first_2_clock_ram__parameterized0_30 |          0 |          0 |       0 |    0 |     0 |      1 |      0 |          0 |
|     genblk2[4].tile_bram                     | xilinx_true_dual_port_read_first_2_clock_ram__parameterized0_31 |          0 |          0 |       0 |    0 |     0 |      1 |      0 |          0 |
|     genblk2[5].tile_bram                     | xilinx_true_dual_port_read_first_2_clock_ram__parameterized0_32 |          0 |          0 |       0 |    0 |     0 |      1 |      0 |          0 |
|     genblk2[6].tile_bram                     | xilinx_true_dual_port_read_first_2_clock_ram__parameterized0_33 |          0 |          0 |       0 |    0 |     0 |      1 |      0 |          0 |
|     genblk2[7].tile_bram                     | xilinx_true_dual_port_read_first_2_clock_ram__parameterized0_34 |          0 |          0 |       0 |    0 |     0 |      1 |      0 |          0 |
|     genblk2[8].tile_bram                     | xilinx_true_dual_port_read_first_2_clock_ram__parameterized0_35 |          0 |          0 |       0 |    0 |     0 |      1 |      0 |          0 |
|     genblk2[9].tile_bram                     | xilinx_true_dual_port_read_first_2_clock_ram__parameterized0_36 |          0 |          0 |       0 |    0 |     0 |      1 |      0 |          0 |
|     genblk3[0].tile_painter_inst             |                                                    tile_painter |       1206 |       1115 |       0 |   91 |  1117 |      0 |      0 |          7 |
|       (genblk3[0].tile_painter_inst)         |                                                    tile_painter |        410 |        410 |       0 |    0 |   227 |      0 |      0 |          0 |
|       big_fat_pixel_data_pipeline            |                                    pipeline__parameterized9_251 |         24 |          8 |       0 |   16 |    16 |      0 |      0 |          0 |
|       depth_calculator_inst                  |                                            depth_calculator_252 |        701 |        638 |       0 |   63 |   825 |      0 |      0 |          1 |
|         (depth_calculator_inst)              |                                            depth_calculator_252 |         51 |         51 |       0 |    0 |    68 |      0 |      0 |          0 |
|         dp_divider                           |                                                    divider3_260 |        468 |        441 |       0 |   27 |   498 |      0 |      0 |          0 |
|         nx_times_x_pl_inst                   |                                   pipeline__parameterized10_261 |         11 |          0 |       0 |   11 |    19 |      0 |      0 |          1 |
|         nz_pipeline                          |                                   pipeline__parameterized11_262 |          4 |          0 |       0 |    4 |     8 |      0 |      0 |          0 |
|         p_int                                |                                   pipeline__parameterized12_263 |         67 |         55 |       0 |   12 |    24 |      0 |      0 |          0 |
|         y_mult                               |                                            small_multiplier_264 |        100 |         91 |       0 |    9 |   208 |      0 |      0 |          0 |
|       pixel_calculator_inst                  |                                            pixel_calculator_253 |         48 |         48 |       0 |    0 |     1 |      0 |      0 |          6 |
|       pixel_valid_pl_inst                    |                                    pipeline__parameterized8_254 |         11 |         10 |       0 |    1 |     1 |      0 |      0 |          0 |
|       tile_reading_to_calc_valid_pl_inst     |                                    pipeline__parameterized7_255 |          1 |          1 |       0 |    0 |     2 |      0 |      0 |          0 |
|       x_coord_pl_inst                        |                                    pipeline__parameterized5_256 |          0 |          0 |       0 |    0 |     2 |      0 |      0 |          0 |
|       x_offset_pl_inst                       |                                    pipeline__parameterized3_257 |         15 |          8 |       0 |    7 |    19 |      0 |      0 |          0 |
|       y_coord_pl_inst                        |                                    pipeline__parameterized6_258 |          0 |          0 |       0 |    0 |    20 |      0 |      0 |          0 |
|       y_offset_pl_inst                       |                                    pipeline__parameterized4_259 |         12 |          8 |       0 |    4 |     4 |      0 |      0 |          0 |
|     genblk3[10].tile_painter_inst            |                                                 tile_painter_37 |       1200 |       1109 |       0 |   91 |  1119 |      0 |      0 |          7 |
|       (genblk3[10].tile_painter_inst)        |                                                 tile_painter_37 |        412 |        412 |       0 |    0 |   227 |      0 |      0 |          0 |
|       big_fat_pixel_data_pipeline            |                                    pipeline__parameterized9_237 |         24 |          8 |       0 |   16 |    16 |      0 |      0 |          0 |
|       depth_calculator_inst                  |                                            depth_calculator_238 |        702 |        639 |       0 |   63 |   825 |      0 |      0 |          1 |
|         (depth_calculator_inst)              |                                            depth_calculator_238 |         52 |         52 |       0 |    0 |    68 |      0 |      0 |          0 |
|         dp_divider                           |                                                    divider3_246 |        468 |        441 |       0 |   27 |   498 |      0 |      0 |          0 |
|         nx_times_x_pl_inst                   |                                   pipeline__parameterized10_247 |         11 |          0 |       0 |   11 |    19 |      0 |      0 |          1 |
|         nz_pipeline                          |                                   pipeline__parameterized11_248 |          4 |          0 |       0 |    4 |     8 |      0 |      0 |          0 |
|         p_int                                |                                   pipeline__parameterized12_249 |         67 |         55 |       0 |   12 |    24 |      0 |      0 |          0 |
|         y_mult                               |                                            small_multiplier_250 |        100 |         91 |       0 |    9 |   208 |      0 |      0 |          0 |
|       pixel_calculator_inst                  |                                            pixel_calculator_239 |         37 |         37 |       0 |    0 |     1 |      0 |      0 |          6 |
|       pixel_valid_pl_inst                    |                                    pipeline__parameterized8_240 |         11 |         10 |       0 |    1 |     1 |      0 |      0 |          0 |
|       tile_reading_to_calc_valid_pl_inst     |                                    pipeline__parameterized7_241 |          1 |          1 |       0 |    0 |     2 |      0 |      0 |          0 |
|       x_coord_pl_inst                        |                                    pipeline__parameterized5_242 |          2 |          2 |       0 |    0 |     8 |      0 |      0 |          0 |
|       x_offset_pl_inst                       |                                    pipeline__parameterized3_243 |         15 |          8 |       0 |    7 |    15 |      0 |      0 |          0 |
|       y_coord_pl_inst                        |                                    pipeline__parameterized6_244 |          0 |          0 |       0 |    0 |    20 |      0 |      0 |          0 |
|       y_offset_pl_inst                       |                                    pipeline__parameterized4_245 |         12 |          8 |       0 |    4 |     4 |      0 |      0 |          0 |
|     genblk3[11].tile_painter_inst            |                                                 tile_painter_38 |       1213 |       1122 |       0 |   91 |  1119 |      0 |      0 |          7 |
|       (genblk3[11].tile_painter_inst)        |                                                 tile_painter_38 |        423 |        423 |       0 |    0 |   227 |      0 |      0 |          0 |
|       big_fat_pixel_data_pipeline            |                                    pipeline__parameterized9_223 |         24 |          8 |       0 |   16 |    16 |      0 |      0 |          0 |
|       depth_calculator_inst                  |                                            depth_calculator_224 |        702 |        639 |       0 |   63 |   825 |      0 |      0 |          1 |
|         (depth_calculator_inst)              |                                            depth_calculator_224 |         52 |         52 |       0 |    0 |    68 |      0 |      0 |          0 |
|         dp_divider                           |                                                    divider3_232 |        468 |        441 |       0 |   27 |   498 |      0 |      0 |          0 |
|         nx_times_x_pl_inst                   |                                   pipeline__parameterized10_233 |         11 |          0 |       0 |   11 |    19 |      0 |      0 |          1 |
|         nz_pipeline                          |                                   pipeline__parameterized11_234 |          4 |          0 |       0 |    4 |     8 |      0 |      0 |          0 |
|         p_int                                |                                   pipeline__parameterized12_235 |         67 |         55 |       0 |   12 |    24 |      0 |      0 |          0 |
|         y_mult                               |                                            small_multiplier_236 |        100 |         91 |       0 |    9 |   208 |      0 |      0 |          0 |
|       pixel_calculator_inst                  |                                            pixel_calculator_225 |         37 |         37 |       0 |    0 |     1 |      0 |      0 |          6 |
|       pixel_valid_pl_inst                    |                                    pipeline__parameterized8_226 |         11 |         10 |       0 |    1 |     1 |      0 |      0 |          0 |
|       tile_reading_to_calc_valid_pl_inst     |                                    pipeline__parameterized7_227 |          1 |          1 |       0 |    0 |     2 |      0 |      0 |          0 |
|       x_coord_pl_inst                        |                                    pipeline__parameterized5_228 |          4 |          4 |       0 |    0 |    10 |      0 |      0 |          0 |
|       x_offset_pl_inst                       |                                    pipeline__parameterized3_229 |         15 |          8 |       0 |    7 |    13 |      0 |      0 |          0 |
|       y_coord_pl_inst                        |                                    pipeline__parameterized6_230 |          0 |          0 |       0 |    0 |    20 |      0 |      0 |          0 |
|       y_offset_pl_inst                       |                                    pipeline__parameterized4_231 |         12 |          8 |       0 |    4 |     4 |      0 |      0 |          0 |
|     genblk3[12].tile_painter_inst            |                                                 tile_painter_39 |       1204 |       1113 |       0 |   91 |  1121 |      0 |      0 |          7 |
|       (genblk3[12].tile_painter_inst)        |                                                 tile_painter_39 |        421 |        421 |       0 |    0 |   227 |      0 |      0 |          0 |
|       big_fat_pixel_data_pipeline            |                                    pipeline__parameterized9_209 |         24 |          8 |       0 |   16 |    16 |      0 |      0 |          0 |
|       depth_calculator_inst                  |                                            depth_calculator_210 |        701 |        638 |       0 |   63 |   825 |      0 |      0 |          1 |
|         (depth_calculator_inst)              |                                            depth_calculator_210 |         52 |         52 |       0 |    0 |    68 |      0 |      0 |          0 |
|         dp_divider                           |                                                    divider3_218 |        468 |        441 |       0 |   27 |   498 |      0 |      0 |          0 |
|         nx_times_x_pl_inst                   |                                   pipeline__parameterized10_219 |         11 |          0 |       0 |   11 |    19 |      0 |      0 |          1 |
|         nz_pipeline                          |                                   pipeline__parameterized11_220 |          4 |          0 |       0 |    4 |     8 |      0 |      0 |          0 |
|         p_int                                |                                   pipeline__parameterized12_221 |         67 |         55 |       0 |   12 |    24 |      0 |      0 |          0 |
|         y_mult                               |                                            small_multiplier_222 |        100 |         91 |       0 |    9 |   208 |      0 |      0 |          0 |
|       pixel_calculator_inst                  |                                            pixel_calculator_211 |         34 |         34 |       0 |    0 |     1 |      0 |      0 |          6 |
|       pixel_valid_pl_inst                    |                                    pipeline__parameterized8_212 |         11 |         10 |       0 |    1 |     1 |      0 |      0 |          0 |
|       tile_reading_to_calc_valid_pl_inst     |                                    pipeline__parameterized7_213 |          1 |          1 |       0 |    0 |     2 |      0 |      0 |          0 |
|       x_coord_pl_inst                        |                                    pipeline__parameterized5_214 |          1 |          1 |       0 |    0 |     8 |      0 |      0 |          0 |
|       x_offset_pl_inst                       |                                    pipeline__parameterized3_215 |         15 |          8 |       0 |    7 |    17 |      0 |      0 |          0 |
|       y_coord_pl_inst                        |                                    pipeline__parameterized6_216 |          0 |          0 |       0 |    0 |    20 |      0 |      0 |          0 |
|       y_offset_pl_inst                       |                                    pipeline__parameterized4_217 |         12 |          8 |       0 |    4 |     4 |      0 |      0 |          0 |
|     genblk3[13].tile_painter_inst            |                                                 tile_painter_40 |       1202 |       1111 |       0 |   91 |  1119 |      0 |      0 |          7 |
|       (genblk3[13].tile_painter_inst)        |                                                 tile_painter_40 |        411 |        411 |       0 |    0 |   227 |      0 |      0 |          0 |
|       big_fat_pixel_data_pipeline            |                                    pipeline__parameterized9_195 |         24 |          8 |       0 |   16 |    16 |      0 |      0 |          0 |
|       depth_calculator_inst                  |                                            depth_calculator_196 |        702 |        639 |       0 |   63 |   825 |      0 |      0 |          1 |
|         (depth_calculator_inst)              |                                            depth_calculator_196 |         52 |         52 |       0 |    0 |    68 |      0 |      0 |          0 |
|         dp_divider                           |                                                    divider3_204 |        468 |        441 |       0 |   27 |   498 |      0 |      0 |          0 |
|         nx_times_x_pl_inst                   |                                   pipeline__parameterized10_205 |         11 |          0 |       0 |   11 |    19 |      0 |      0 |          1 |
|         nz_pipeline                          |                                   pipeline__parameterized11_206 |          4 |          0 |       0 |    4 |     8 |      0 |      0 |          0 |
|         p_int                                |                                   pipeline__parameterized12_207 |         67 |         55 |       0 |   12 |    24 |      0 |      0 |          0 |
|         y_mult                               |                                            small_multiplier_208 |        100 |         91 |       0 |    9 |   208 |      0 |      0 |          0 |
|       pixel_calculator_inst                  |                                            pixel_calculator_197 |         40 |         40 |       0 |    0 |     1 |      0 |      0 |          6 |
|       pixel_valid_pl_inst                    |                                    pipeline__parameterized8_198 |         11 |         10 |       0 |    1 |     1 |      0 |      0 |          0 |
|       tile_reading_to_calc_valid_pl_inst     |                                    pipeline__parameterized7_199 |          1 |          1 |       0 |    0 |     2 |      0 |      0 |          0 |
|       x_coord_pl_inst                        |                                    pipeline__parameterized5_200 |          2 |          2 |       0 |    0 |    10 |      0 |      0 |          0 |
|       x_offset_pl_inst                       |                                    pipeline__parameterized3_201 |         15 |          8 |       0 |    7 |    13 |      0 |      0 |          0 |
|       y_coord_pl_inst                        |                                    pipeline__parameterized6_202 |          0 |          0 |       0 |    0 |    20 |      0 |      0 |          0 |
|       y_offset_pl_inst                       |                                    pipeline__parameterized4_203 |         12 |          8 |       0 |    4 |     4 |      0 |      0 |          0 |
|     genblk3[14].tile_painter_inst            |                                                 tile_painter_41 |       1215 |       1124 |       0 |   91 |  1119 |      0 |      0 |          7 |
|       (genblk3[14].tile_painter_inst)        |                                                 tile_painter_41 |        423 |        423 |       0 |    0 |   227 |      0 |      0 |          0 |
|       big_fat_pixel_data_pipeline            |                                    pipeline__parameterized9_181 |         24 |          8 |       0 |   16 |    16 |      0 |      0 |          0 |
|       depth_calculator_inst                  |                                            depth_calculator_182 |        702 |        639 |       0 |   63 |   825 |      0 |      0 |          1 |
|         (depth_calculator_inst)              |                                            depth_calculator_182 |         52 |         52 |       0 |    0 |    68 |      0 |      0 |          0 |
|         dp_divider                           |                                                    divider3_190 |        468 |        441 |       0 |   27 |   498 |      0 |      0 |          0 |
|         nx_times_x_pl_inst                   |                                   pipeline__parameterized10_191 |         11 |          0 |       0 |   11 |    19 |      0 |      0 |          1 |
|         nz_pipeline                          |                                   pipeline__parameterized11_192 |          4 |          0 |       0 |    4 |     8 |      0 |      0 |          0 |
|         p_int                                |                                   pipeline__parameterized12_193 |         67 |         55 |       0 |   12 |    24 |      0 |      0 |          0 |
|         y_mult                               |                                            small_multiplier_194 |        100 |         91 |       0 |    9 |   208 |      0 |      0 |          0 |
|       pixel_calculator_inst                  |                                            pixel_calculator_183 |         40 |         40 |       0 |    0 |     1 |      0 |      0 |          6 |
|       pixel_valid_pl_inst                    |                                    pipeline__parameterized8_184 |         11 |         10 |       0 |    1 |     1 |      0 |      0 |          0 |
|       tile_reading_to_calc_valid_pl_inst     |                                    pipeline__parameterized7_185 |          1 |          1 |       0 |    0 |     2 |      0 |      0 |          0 |
|       x_coord_pl_inst                        |                                    pipeline__parameterized5_186 |          3 |          3 |       0 |    0 |     8 |      0 |      0 |          0 |
|       x_offset_pl_inst                       |                                    pipeline__parameterized3_187 |         15 |          8 |       0 |    7 |    15 |      0 |      0 |          0 |
|       y_coord_pl_inst                        |                                    pipeline__parameterized6_188 |          0 |          0 |       0 |    0 |    20 |      0 |      0 |          0 |
|       y_offset_pl_inst                       |                                    pipeline__parameterized4_189 |         12 |          8 |       0 |    4 |     4 |      0 |      0 |          0 |
|     genblk3[15].tile_painter_inst            |                                                 tile_painter_42 |       1209 |       1118 |       0 |   91 |  1121 |      0 |      0 |          7 |
|       (genblk3[15].tile_painter_inst)        |                                                 tile_painter_42 |        419 |        419 |       0 |    0 |   227 |      0 |      0 |          0 |
|       big_fat_pixel_data_pipeline            |                                    pipeline__parameterized9_167 |         24 |          8 |       0 |   16 |    16 |      0 |      0 |          0 |
|       depth_calculator_inst                  |                                            depth_calculator_168 |        702 |        639 |       0 |   63 |   825 |      0 |      0 |          1 |
|         (depth_calculator_inst)              |                                            depth_calculator_168 |         52 |         52 |       0 |    0 |    68 |      0 |      0 |          0 |
|         dp_divider                           |                                                    divider3_176 |        468 |        441 |       0 |   27 |   498 |      0 |      0 |          0 |
|         nx_times_x_pl_inst                   |                                   pipeline__parameterized10_177 |         11 |          0 |       0 |   11 |    19 |      0 |      0 |          1 |
|         nz_pipeline                          |                                   pipeline__parameterized11_178 |          4 |          0 |       0 |    4 |     8 |      0 |      0 |          0 |
|         p_int                                |                                   pipeline__parameterized12_179 |         67 |         55 |       0 |   12 |    24 |      0 |      0 |          0 |
|         y_mult                               |                                            small_multiplier_180 |        100 |         91 |       0 |    9 |   208 |      0 |      0 |          0 |
|       pixel_calculator_inst                  |                                            pixel_calculator_169 |         38 |         38 |       0 |    0 |     1 |      0 |      0 |          6 |
|       pixel_valid_pl_inst                    |                                    pipeline__parameterized8_170 |         11 |         10 |       0 |    1 |     1 |      0 |      0 |          0 |
|       tile_reading_to_calc_valid_pl_inst     |                                    pipeline__parameterized7_171 |          1 |          1 |       0 |    0 |     2 |      0 |      0 |          0 |
|       x_coord_pl_inst                        |                                    pipeline__parameterized5_172 |          4 |          4 |       0 |    0 |    12 |      0 |      0 |          0 |
|       x_offset_pl_inst                       |                                    pipeline__parameterized3_173 |         15 |          8 |       0 |    7 |    13 |      0 |      0 |          0 |
|       y_coord_pl_inst                        |                                    pipeline__parameterized6_174 |          0 |          0 |       0 |    0 |    20 |      0 |      0 |          0 |
|       y_offset_pl_inst                       |                                    pipeline__parameterized4_175 |         12 |          8 |       0 |    4 |     4 |      0 |      0 |          0 |
|     genblk3[1].tile_painter_inst             |                                                 tile_painter_43 |       1203 |       1112 |       0 |   91 |  1119 |      0 |      0 |          7 |
|       (genblk3[1].tile_painter_inst)         |                                                 tile_painter_43 |        408 |        408 |       0 |    0 |   227 |      0 |      0 |          0 |
|       big_fat_pixel_data_pipeline            |                                    pipeline__parameterized9_153 |         24 |          8 |       0 |   16 |    16 |      0 |      0 |          0 |
|       depth_calculator_inst                  |                                            depth_calculator_154 |        702 |        639 |       0 |   63 |   825 |      0 |      0 |          1 |
|         (depth_calculator_inst)              |                                            depth_calculator_154 |         52 |         52 |       0 |    0 |    68 |      0 |      0 |          0 |
|         dp_divider                           |                                                    divider3_162 |        468 |        441 |       0 |   27 |   498 |      0 |      0 |          0 |
|         nx_times_x_pl_inst                   |                                   pipeline__parameterized10_163 |         11 |          0 |       0 |   11 |    19 |      0 |      0 |          1 |
|         nz_pipeline                          |                                   pipeline__parameterized11_164 |          4 |          0 |       0 |    4 |     8 |      0 |      0 |          0 |
|         p_int                                |                                   pipeline__parameterized12_165 |         67 |         55 |       0 |   12 |    24 |      0 |      0 |          0 |
|         y_mult                               |                                            small_multiplier_166 |        100 |         91 |       0 |    9 |   208 |      0 |      0 |          0 |
|       pixel_calculator_inst                  |                                            pixel_calculator_155 |         43 |         43 |       0 |    0 |     1 |      0 |      0 |          6 |
|       pixel_valid_pl_inst                    |                                    pipeline__parameterized8_156 |         11 |         10 |       0 |    1 |     1 |      0 |      0 |          0 |
|       tile_reading_to_calc_valid_pl_inst     |                                    pipeline__parameterized7_157 |          1 |          1 |       0 |    0 |     2 |      0 |      0 |          0 |
|       x_coord_pl_inst                        |                                    pipeline__parameterized5_158 |          3 |          3 |       0 |    0 |    10 |      0 |      0 |          0 |
|       x_offset_pl_inst                       |                                    pipeline__parameterized3_159 |         15 |          8 |       0 |    7 |    13 |      0 |      0 |          0 |
|       y_coord_pl_inst                        |                                    pipeline__parameterized6_160 |          0 |          0 |       0 |    0 |    20 |      0 |      0 |          0 |
|       y_offset_pl_inst                       |                                    pipeline__parameterized4_161 |         12 |          8 |       0 |    4 |     4 |      0 |      0 |          0 |
|     genblk3[2].tile_painter_inst             |                                                 tile_painter_44 |       1205 |       1114 |       0 |   91 |  1121 |      0 |      0 |          7 |
|       (genblk3[2].tile_painter_inst)         |                                                 tile_painter_44 |        415 |        415 |       0 |    0 |   227 |      0 |      0 |          0 |
|       big_fat_pixel_data_pipeline            |                                    pipeline__parameterized9_139 |         24 |          8 |       0 |   16 |    16 |      0 |      0 |          0 |
|       depth_calculator_inst                  |                                            depth_calculator_140 |        701 |        638 |       0 |   63 |   825 |      0 |      0 |          1 |
|         (depth_calculator_inst)              |                                            depth_calculator_140 |         52 |         52 |       0 |    0 |    68 |      0 |      0 |          0 |
|         dp_divider                           |                                                    divider3_148 |        468 |        441 |       0 |   27 |   498 |      0 |      0 |          0 |
|         nx_times_x_pl_inst                   |                                   pipeline__parameterized10_149 |         11 |          0 |       0 |   11 |    19 |      0 |      0 |          1 |
|         nz_pipeline                          |                                   pipeline__parameterized11_150 |          4 |          0 |       0 |    4 |     8 |      0 |      0 |          0 |
|         p_int                                |                                   pipeline__parameterized12_151 |         67 |         55 |       0 |   12 |    24 |      0 |      0 |          0 |
|         y_mult                               |                                            small_multiplier_152 |        100 |         91 |       0 |    9 |   208 |      0 |      0 |          0 |
|       pixel_calculator_inst                  |                                            pixel_calculator_141 |         40 |         40 |       0 |    0 |     1 |      0 |      0 |          6 |
|       pixel_valid_pl_inst                    |                                    pipeline__parameterized8_142 |         11 |         10 |       0 |    1 |     1 |      0 |      0 |          0 |
|       tile_reading_to_calc_valid_pl_inst     |                                    pipeline__parameterized7_143 |          1 |          1 |       0 |    0 |     2 |      0 |      0 |          0 |
|       x_coord_pl_inst                        |                                    pipeline__parameterized5_144 |          3 |          3 |       0 |    0 |    10 |      0 |      0 |          0 |
|       x_offset_pl_inst                       |                                    pipeline__parameterized3_145 |         15 |          8 |       0 |    7 |    15 |      0 |      0 |          0 |
|       y_coord_pl_inst                        |                                    pipeline__parameterized6_146 |          0 |          0 |       0 |    0 |    20 |      0 |      0 |          0 |
|       y_offset_pl_inst                       |                                    pipeline__parameterized4_147 |         12 |          8 |       0 |    4 |     4 |      0 |      0 |          0 |
|     genblk3[3].tile_painter_inst             |                                                 tile_painter_45 |       1209 |       1118 |       0 |   91 |  1121 |      0 |      0 |          7 |
|       (genblk3[3].tile_painter_inst)         |                                                 tile_painter_45 |        414 |        414 |       0 |    0 |   227 |      0 |      0 |          0 |
|       big_fat_pixel_data_pipeline            |                                    pipeline__parameterized9_125 |         24 |          8 |       0 |   16 |    16 |      0 |      0 |          0 |
|       depth_calculator_inst                  |                                            depth_calculator_126 |        702 |        639 |       0 |   63 |   825 |      0 |      0 |          1 |
|         (depth_calculator_inst)              |                                            depth_calculator_126 |         52 |         52 |       0 |    0 |    68 |      0 |      0 |          0 |
|         dp_divider                           |                                                    divider3_134 |        468 |        441 |       0 |   27 |   498 |      0 |      0 |          0 |
|         nx_times_x_pl_inst                   |                                   pipeline__parameterized10_135 |         11 |          0 |       0 |   11 |    19 |      0 |      0 |          1 |
|         nz_pipeline                          |                                   pipeline__parameterized11_136 |          4 |          0 |       0 |    4 |     8 |      0 |      0 |          0 |
|         p_int                                |                                   pipeline__parameterized12_137 |         67 |         55 |       0 |   12 |    24 |      0 |      0 |          0 |
|         y_mult                               |                                            small_multiplier_138 |        100 |         91 |       0 |    9 |   208 |      0 |      0 |          0 |
|       pixel_calculator_inst                  |                                            pixel_calculator_127 |         40 |         40 |       0 |    0 |     1 |      0 |      0 |          6 |
|       pixel_valid_pl_inst                    |                                    pipeline__parameterized8_128 |         11 |         10 |       0 |    1 |     1 |      0 |      0 |          0 |
|       tile_reading_to_calc_valid_pl_inst     |                                    pipeline__parameterized7_129 |          1 |          1 |       0 |    0 |     2 |      0 |      0 |          0 |
|       x_coord_pl_inst                        |                                    pipeline__parameterized5_130 |          5 |          5 |       0 |    0 |    12 |      0 |      0 |          0 |
|       x_offset_pl_inst                       |                                    pipeline__parameterized3_131 |         15 |          8 |       0 |    7 |    13 |      0 |      0 |          0 |
|       y_coord_pl_inst                        |                                    pipeline__parameterized6_132 |          2 |          2 |       0 |    0 |    20 |      0 |      0 |          0 |
|       y_offset_pl_inst                       |                                    pipeline__parameterized4_133 |         12 |          8 |       0 |    4 |     4 |      0 |      0 |          0 |
|     genblk3[4].tile_painter_inst             |                                                 tile_painter_46 |       1202 |       1111 |       0 |   91 |  1119 |      0 |      0 |          7 |
|       (genblk3[4].tile_painter_inst)         |                                                 tile_painter_46 |        410 |        410 |       0 |    0 |   227 |      0 |      0 |          0 |
|       big_fat_pixel_data_pipeline            |                                    pipeline__parameterized9_111 |         24 |          8 |       0 |   16 |    16 |      0 |      0 |          0 |
|       depth_calculator_inst                  |                                            depth_calculator_112 |        702 |        639 |       0 |   63 |   825 |      0 |      0 |          1 |
|         (depth_calculator_inst)              |                                            depth_calculator_112 |         52 |         52 |       0 |    0 |    68 |      0 |      0 |          0 |
|         dp_divider                           |                                                    divider3_120 |        468 |        441 |       0 |   27 |   498 |      0 |      0 |          0 |
|         nx_times_x_pl_inst                   |                                   pipeline__parameterized10_121 |         11 |          0 |       0 |   11 |    19 |      0 |      0 |          1 |
|         nz_pipeline                          |                                   pipeline__parameterized11_122 |          4 |          0 |       0 |    4 |     8 |      0 |      0 |          0 |
|         p_int                                |                                   pipeline__parameterized12_123 |         67 |         55 |       0 |   12 |    24 |      0 |      0 |          0 |
|         y_mult                               |                                            small_multiplier_124 |        100 |         91 |       0 |    9 |   208 |      0 |      0 |          0 |
|       pixel_calculator_inst                  |                                            pixel_calculator_113 |         41 |         41 |       0 |    0 |     1 |      0 |      0 |          6 |
|       pixel_valid_pl_inst                    |                                    pipeline__parameterized8_114 |         11 |         10 |       0 |    1 |     1 |      0 |      0 |          0 |
|       tile_reading_to_calc_valid_pl_inst     |                                    pipeline__parameterized7_115 |          1 |          1 |       0 |    0 |     2 |      0 |      0 |          0 |
|       x_coord_pl_inst                        |                                    pipeline__parameterized5_116 |          2 |          2 |       0 |    0 |     6 |      0 |      0 |          0 |
|       x_offset_pl_inst                       |                                    pipeline__parameterized3_117 |         15 |          8 |       0 |    7 |    17 |      0 |      0 |          0 |
|       y_coord_pl_inst                        |                                    pipeline__parameterized6_118 |          0 |          0 |       0 |    0 |    20 |      0 |      0 |          0 |
|       y_offset_pl_inst                       |                                    pipeline__parameterized4_119 |         12 |          8 |       0 |    4 |     4 |      0 |      0 |          0 |
|     genblk3[5].tile_painter_inst             |                                                 tile_painter_47 |       1206 |       1115 |       0 |   91 |  1121 |      0 |      0 |          7 |
|       (genblk3[5].tile_painter_inst)         |                                                 tile_painter_47 |        419 |        419 |       0 |    0 |   227 |      0 |      0 |          0 |
|       big_fat_pixel_data_pipeline            |                                     pipeline__parameterized9_97 |         24 |          8 |       0 |   16 |    16 |      0 |      0 |          0 |
|       depth_calculator_inst                  |                                             depth_calculator_98 |        701 |        638 |       0 |   63 |   825 |      0 |      0 |          1 |
|         (depth_calculator_inst)              |                                             depth_calculator_98 |         52 |         52 |       0 |    0 |    68 |      0 |      0 |          0 |
|         dp_divider                           |                                                    divider3_106 |        468 |        441 |       0 |   27 |   498 |      0 |      0 |          0 |
|         nx_times_x_pl_inst                   |                                   pipeline__parameterized10_107 |         11 |          0 |       0 |   11 |    19 |      0 |      0 |          1 |
|         nz_pipeline                          |                                   pipeline__parameterized11_108 |          4 |          0 |       0 |    4 |     8 |      0 |      0 |          0 |
|         p_int                                |                                   pipeline__parameterized12_109 |         67 |         55 |       0 |   12 |    24 |      0 |      0 |          0 |
|         y_mult                               |                                            small_multiplier_110 |        100 |         91 |       0 |    9 |   208 |      0 |      0 |          0 |
|       pixel_calculator_inst                  |                                             pixel_calculator_99 |         37 |         37 |       0 |    0 |     1 |      0 |      0 |          6 |
|       pixel_valid_pl_inst                    |                                    pipeline__parameterized8_100 |         11 |         10 |       0 |    1 |     1 |      0 |      0 |          0 |
|       tile_reading_to_calc_valid_pl_inst     |                                    pipeline__parameterized7_101 |          1 |          1 |       0 |    0 |     2 |      0 |      0 |          0 |
|       x_coord_pl_inst                        |                                    pipeline__parameterized5_102 |          3 |          3 |       0 |    0 |    12 |      0 |      0 |          0 |
|       x_offset_pl_inst                       |                                    pipeline__parameterized3_103 |         15 |          8 |       0 |    7 |    13 |      0 |      0 |          0 |
|       y_coord_pl_inst                        |                                    pipeline__parameterized6_104 |          0 |          0 |       0 |    0 |    20 |      0 |      0 |          0 |
|       y_offset_pl_inst                       |                                    pipeline__parameterized4_105 |         12 |          8 |       0 |    4 |     4 |      0 |      0 |          0 |
|     genblk3[6].tile_painter_inst             |                                                 tile_painter_48 |       1212 |       1121 |       0 |   91 |  1121 |      0 |      0 |          7 |
|       (genblk3[6].tile_painter_inst)         |                                                 tile_painter_48 |        424 |        424 |       0 |    0 |   227 |      0 |      0 |          0 |
|       big_fat_pixel_data_pipeline            |                                     pipeline__parameterized9_83 |         24 |          8 |       0 |   16 |    16 |      0 |      0 |          0 |
|       depth_calculator_inst                  |                                             depth_calculator_84 |        702 |        639 |       0 |   63 |   825 |      0 |      0 |          1 |
|         (depth_calculator_inst)              |                                             depth_calculator_84 |         52 |         52 |       0 |    0 |    68 |      0 |      0 |          0 |
|         dp_divider                           |                                                     divider3_92 |        468 |        441 |       0 |   27 |   498 |      0 |      0 |          0 |
|         nx_times_x_pl_inst                   |                                    pipeline__parameterized10_93 |         11 |          0 |       0 |   11 |    19 |      0 |      0 |          1 |
|         nz_pipeline                          |                                    pipeline__parameterized11_94 |          4 |          0 |       0 |    4 |     8 |      0 |      0 |          0 |
|         p_int                                |                                    pipeline__parameterized12_95 |         67 |         55 |       0 |   12 |    24 |      0 |      0 |          0 |
|         y_mult                               |                                             small_multiplier_96 |        100 |         91 |       0 |    9 |   208 |      0 |      0 |          0 |
|       pixel_calculator_inst                  |                                             pixel_calculator_85 |         37 |         37 |       0 |    0 |     1 |      0 |      0 |          6 |
|       pixel_valid_pl_inst                    |                                     pipeline__parameterized8_86 |         11 |         10 |       0 |    1 |     1 |      0 |      0 |          0 |
|       tile_reading_to_calc_valid_pl_inst     |                                     pipeline__parameterized7_87 |          1 |          1 |       0 |    0 |     2 |      0 |      0 |          0 |
|       x_coord_pl_inst                        |                                     pipeline__parameterized5_88 |          4 |          4 |       0 |    0 |    10 |      0 |      0 |          0 |
|       x_offset_pl_inst                       |                                     pipeline__parameterized3_89 |         15 |          8 |       0 |    7 |    15 |      0 |      0 |          0 |
|       y_coord_pl_inst                        |                                     pipeline__parameterized6_90 |          0 |          0 |       0 |    0 |    20 |      0 |      0 |          0 |
|       y_offset_pl_inst                       |                                     pipeline__parameterized4_91 |         12 |          8 |       0 |    4 |     4 |      0 |      0 |          0 |
|     genblk3[7].tile_painter_inst             |                                                 tile_painter_49 |       1254 |       1164 |       0 |   90 |  1168 |      0 |      0 |          6 |
|       (genblk3[7].tile_painter_inst)         |                                                 tile_painter_49 |        411 |        411 |       0 |    0 |   227 |      0 |      0 |          0 |
|       big_fat_pixel_data_pipeline            |                                     pipeline__parameterized9_69 |         24 |          8 |       0 |   16 |    16 |      0 |      0 |          0 |
|       depth_calculator_inst                  |                                             depth_calculator_70 |        755 |        693 |       0 |   62 |   868 |      0 |      0 |          0 |
|         (depth_calculator_inst)              |                                             depth_calculator_70 |        107 |        107 |       0 |    0 |    81 |      0 |      0 |          0 |
|         dp_divider                           |                                                     divider3_78 |        468 |        441 |       0 |   27 |   498 |      0 |      0 |          0 |
|         nx_times_x_pl_inst                   |                                    pipeline__parameterized10_79 |         10 |          0 |       0 |   10 |    49 |      0 |      0 |          0 |
|         nz_pipeline                          |                                    pipeline__parameterized11_80 |          4 |          0 |       0 |    4 |     8 |      0 |      0 |          0 |
|         p_int                                |                                    pipeline__parameterized12_81 |         66 |         54 |       0 |   12 |    24 |      0 |      0 |          0 |
|         y_mult                               |                                             small_multiplier_82 |        100 |         91 |       0 |    9 |   208 |      0 |      0 |          0 |
|       pixel_calculator_inst                  |                                             pixel_calculator_71 |         40 |         40 |       0 |    0 |     1 |      0 |      0 |          6 |
|       pixel_valid_pl_inst                    |                                     pipeline__parameterized8_72 |         11 |         10 |       0 |    1 |     1 |      0 |      0 |          0 |
|       tile_reading_to_calc_valid_pl_inst     |                                     pipeline__parameterized7_73 |          1 |          1 |       0 |    0 |     2 |      0 |      0 |          0 |
|       x_coord_pl_inst                        |                                     pipeline__parameterized5_74 |          2 |          2 |       0 |    0 |    10 |      0 |      0 |          0 |
|       x_offset_pl_inst                       |                                     pipeline__parameterized3_75 |         15 |          8 |       0 |    7 |    19 |      0 |      0 |          0 |
|       y_coord_pl_inst                        |                                     pipeline__parameterized6_76 |          0 |          0 |       0 |    0 |    20 |      0 |      0 |          0 |
|       y_offset_pl_inst                       |                                     pipeline__parameterized4_77 |         12 |          8 |       0 |    4 |     4 |      0 |      0 |          0 |
|     genblk3[8].tile_painter_inst             |                                                 tile_painter_50 |       1197 |       1106 |       0 |   91 |  1117 |      0 |      0 |          7 |
|       (genblk3[8].tile_painter_inst)         |                                                 tile_painter_50 |        408 |        408 |       0 |    0 |   227 |      0 |      0 |          0 |
|       big_fat_pixel_data_pipeline            |                                     pipeline__parameterized9_55 |         24 |          8 |       0 |   16 |    16 |      0 |      0 |          0 |
|       depth_calculator_inst                  |                                             depth_calculator_56 |        702 |        639 |       0 |   63 |   825 |      0 |      0 |          1 |
|         (depth_calculator_inst)              |                                             depth_calculator_56 |         52 |         52 |       0 |    0 |    68 |      0 |      0 |          0 |
|         dp_divider                           |                                                     divider3_64 |        468 |        441 |       0 |   27 |   498 |      0 |      0 |          0 |
|         nx_times_x_pl_inst                   |                                    pipeline__parameterized10_65 |         11 |          0 |       0 |   11 |    19 |      0 |      0 |          1 |
|         nz_pipeline                          |                                    pipeline__parameterized11_66 |          4 |          0 |       0 |    4 |     8 |      0 |      0 |          0 |
|         p_int                                |                                    pipeline__parameterized12_67 |         67 |         55 |       0 |   12 |    24 |      0 |      0 |          0 |
|         y_mult                               |                                             small_multiplier_68 |        100 |         91 |       0 |    9 |   208 |      0 |      0 |          0 |
|       pixel_calculator_inst                  |                                             pixel_calculator_57 |         40 |         40 |       0 |    0 |     1 |      0 |      0 |          6 |
|       pixel_valid_pl_inst                    |                                     pipeline__parameterized8_58 |         11 |         10 |       0 |    1 |     1 |      0 |      0 |          0 |
|       tile_reading_to_calc_valid_pl_inst     |                                     pipeline__parameterized7_59 |          1 |          1 |       0 |    0 |     2 |      0 |      0 |          0 |
|       x_coord_pl_inst                        |                                     pipeline__parameterized5_60 |          0 |          0 |       0 |    0 |     2 |      0 |      0 |          0 |
|       x_offset_pl_inst                       |                                     pipeline__parameterized3_61 |         15 |          8 |       0 |    7 |    19 |      0 |      0 |          0 |
|       y_coord_pl_inst                        |                                     pipeline__parameterized6_62 |          0 |          0 |       0 |    0 |    20 |      0 |      0 |          0 |
|       y_offset_pl_inst                       |                                     pipeline__parameterized4_63 |         12 |          8 |       0 |    4 |     4 |      0 |      0 |          0 |
|     genblk3[9].tile_painter_inst             |                                                 tile_painter_51 |       1204 |       1113 |       0 |   91 |  1121 |      0 |      0 |          7 |
|       (genblk3[9].tile_painter_inst)         |                                                 tile_painter_51 |        416 |        416 |       0 |    0 |   227 |      0 |      0 |          0 |
|       big_fat_pixel_data_pipeline            |                                        pipeline__parameterized9 |         24 |          8 |       0 |   16 |    16 |      0 |      0 |          0 |
|       depth_calculator_inst                  |                                                depth_calculator |        702 |        639 |       0 |   63 |   825 |      0 |      0 |          1 |
|         (depth_calculator_inst)              |                                                depth_calculator |         52 |         52 |       0 |    0 |    68 |      0 |      0 |          0 |
|         dp_divider                           |                                                        divider3 |        468 |        441 |       0 |   27 |   498 |      0 |      0 |          0 |
|         nx_times_x_pl_inst                   |                                       pipeline__parameterized10 |         11 |          0 |       0 |   11 |    19 |      0 |      0 |          1 |
|         nz_pipeline                          |                                       pipeline__parameterized11 |          4 |          0 |       0 |    4 |     8 |      0 |      0 |          0 |
|         p_int                                |                                       pipeline__parameterized12 |         67 |         55 |       0 |   12 |    24 |      0 |      0 |          0 |
|         y_mult                               |                                                small_multiplier |        100 |         91 |       0 |    9 |   208 |      0 |      0 |          0 |
|       pixel_calculator_inst                  |                                                pixel_calculator |         37 |         37 |       0 |    0 |     1 |      0 |      0 |          6 |
|       pixel_valid_pl_inst                    |                                        pipeline__parameterized8 |         11 |         10 |       0 |    1 |     1 |      0 |      0 |          0 |
|       tile_reading_to_calc_valid_pl_inst     |                                     pipeline__parameterized7_52 |          1 |          1 |       0 |    0 |     2 |      0 |      0 |          0 |
|       x_coord_pl_inst                        |                                     pipeline__parameterized5_53 |          2 |          2 |       0 |    0 |    12 |      0 |      0 |          0 |
|       x_offset_pl_inst                       |                                        pipeline__parameterized3 |         15 |          8 |       0 |    7 |    13 |      0 |      0 |          0 |
|       y_coord_pl_inst                        |                                     pipeline__parameterized6_54 |          0 |          0 |       0 |    0 |    20 |      0 |      0 |          0 |
|       y_offset_pl_inst                       |                                        pipeline__parameterized4 |         12 |          8 |       0 |    4 |     4 |      0 |      0 |          0 |
|     h_count_pl                               |                                        pipeline__parameterized5 |          0 |          0 |       0 |    0 |    22 |      0 |      0 |          0 |
|     hcountdiv80_pl                           |                                       pipeline__parameterized13 |         64 |         64 |       0 |    0 |     8 |      0 |      0 |          0 |
|     v_count_pl                               |                                        pipeline__parameterized6 |          0 |          0 |       0 |    0 |    20 |      0 |      0 |          0 |
|     valid_pl                                 |                                        pipeline__parameterized7 |          0 |          0 |       0 |    0 |     2 |      0 |      0 |          0 |
|   sampler_inst                               |                                     evt_counter__parameterized0 |         15 |         15 |       0 |    0 |    32 |      0 |      0 |          0 |
|   tmds_blue                                  |                                                    tmds_encoder |         46 |         46 |       0 |    0 |    14 |      0 |      0 |          0 |
|   tmds_green                                 |                                                  tmds_encoder_5 |         36 |         36 |       0 |    0 |    14 |      0 |      0 |          0 |
|   tmds_red                                   |                                                  tmds_encoder_6 |         48 |         48 |       0 |    0 |    13 |      0 |      0 |          0 |
|   vsg                                        |                                                   video_sig_gen |         42 |         42 |       0 |    0 |    21 |      0 |      0 |          0 |
|   wizard_hdmi                                |                                                 cw_hdmi_clk_wiz |          0 |          0 |       0 |    0 |     0 |      0 |      0 |          0 |
+----------------------------------------------+-----------------------------------------------------------------+------------+------------+---------+------+-------+--------+--------+------------+
* Note: The sum of lower-level cells may be larger than their parent cells total, due to cross-hierarchy LUT combining


